Archive member included to satisfy reference by file (symbol)

obj_iotdk_10/gnu_arcem9d/board/iotdk/drivers/ip/subsystem/gpio/dfss_gpio_obj.o
                              obj_iotdk_10/gnu_arcem9d/application/./main.o (gpio_get_dev)
obj_iotdk_10/gnu_arcem9d/device/ip/subsystem/gpio/ss_gpio.o
                              obj_iotdk_10/gnu_arcem9d/board/iotdk/drivers/ip/subsystem/gpio/dfss_gpio_obj.o (ss_gpio_open)
obj_iotdk_10/gnu_arcem9d/board/iotdk/common/iotdk_init.o
                              obj_iotdk_10/gnu_arcem9d/board/board.o (board_init)
obj_iotdk_10/gnu_arcem9d/board/iotdk/common/iotdk_timer.o
                              obj_iotdk_10/gnu_arcem9d/board/iotdk/common/iotdk_init.o (iotdk_timer_init)
obj_iotdk_10/gnu_arcem9d/board/iotdk/drivers/mux/mux.o
                              obj_iotdk_10/gnu_arcem9d/board/iotdk/common/iotdk_init.o (io_pmod_config)
obj_iotdk_10/gnu_arcem9d/board/iotdk/drivers/sysconf/sysconf.o
                              obj_iotdk_10/gnu_arcem9d/board/iotdk/drivers/mux/mux.o (sysconf_reg_ptr)
obj_iotdk_10/gnu_arcem9d/middleware/common/console_io.o
                              obj_iotdk_10/gnu_arcem9d/board/board.o (xprintf_setup)
obj_iotdk_10/gnu_arcem9d/middleware/common/xprintf/xprintf.o
                              obj_iotdk_10/gnu_arcem9d/middleware/common/console_io.o (xfunc_out)
obj_iotdk_10/gnu_arcem9d/arc/arc_cache.o
                              obj_iotdk_10/gnu_arcem9d/arc/startup/arc_startup.o (arc_cache_init)
obj_iotdk_10/gnu_arcem9d/arc/arc_exception.o
                              obj_iotdk_10/gnu_arcem9d/arc/startup/arc_startup.o (exc_int_init)
obj_iotdk_10/gnu_arcem9d/arc/arc_timer.o
                              obj_iotdk_10/gnu_arcem9d/board/iotdk/common/iotdk_timer.o (timer_present)
obj_iotdk_10/gnu_arcem9d/arc/arc_exc_asm.o
                              obj_iotdk_10/gnu_arcem9d/arc/arc_exception.o (exc_entry_cpu)
obj_iotdk_10/gnu_arcem9d/library/clib/embarc_misc.o
                              obj_iotdk_10/gnu_arcem9d/middleware/common/console_io.o (gnu_printf_setup)
obj_iotdk_10/gnu_arcem9d/board/iotdk/drivers/ip/subsystem/uart/dfss_uart_obj.o
                              obj_iotdk_10/gnu_arcem9d/middleware/common/console_io.o (uart_get_dev)
obj_iotdk_10/gnu_arcem9d/device/ip/subsystem/gpio/gpio.o
                              obj_iotdk_10/gnu_arcem9d/device/ip/subsystem/gpio/ss_gpio.o (io_gpio_open)
obj_iotdk_10/gnu_arcem9d/device/ip/subsystem/uart/ss_uart.o
                              obj_iotdk_10/gnu_arcem9d/board/iotdk/drivers/ip/subsystem/uart/dfss_uart_obj.o (ss_uart_open)
obj_iotdk_10/gnu_arcem9d/device/ip/subsystem/uart/uart.o
                              obj_iotdk_10/gnu_arcem9d/device/ip/subsystem/uart/ss_uart.o (io_uart_open)
c:/arc_gnu/bin/../lib/gcc/arc-elf32/9.3.1/em4_fpuda\libgcc.a(_divdi3.o)
                              obj_iotdk_10/gnu_arcem9d/board/iotdk/common/iotdk_timer.o (__divdi3)
c:/arc_gnu/bin/../lib/gcc/arc-elf32/9.3.1/em4_fpuda\libgcc.a(_udivdi3.o)
                              obj_iotdk_10/gnu_arcem9d/board/iotdk/common/iotdk_timer.o (__udivdi3)

Allocating common symbols
Common symbol       size              file

xfunc_in            0x4               obj_iotdk_10/gnu_arcem9d/middleware/common/xprintf/xprintf.o
xfunc_out           0x4               obj_iotdk_10/gnu_arcem9d/middleware/common/xprintf/xprintf.o
exc_nest_count      0x4               obj_iotdk_10/gnu_arcem9d/arc/arc_exception.o

Discarded input sections

 .text          0x00000000        0x0 obj_iotdk_10/gnu_arcem9d/application/./main.o
 .data          0x00000000        0x0 obj_iotdk_10/gnu_arcem9d/application/./main.o
 .bss           0x00000000        0x0 obj_iotdk_10/gnu_arcem9d/application/./main.o
 .text          0x00000000        0x0 obj_iotdk_10/gnu_arcem9d/board/board.o
 .data          0x00000000        0x0 obj_iotdk_10/gnu_arcem9d/board/board.o
 .bss           0x00000000        0x0 obj_iotdk_10/gnu_arcem9d/board/board.o
 .text          0x00000000        0x0 obj_iotdk_10/gnu_arcem9d/arc/startup/arc_cxx_support.o
 .data          0x00000000        0x0 obj_iotdk_10/gnu_arcem9d/arc/startup/arc_cxx_support.o
 .bss           0x00000000        0x0 obj_iotdk_10/gnu_arcem9d/arc/startup/arc_cxx_support.o
 .text.__cxa_atexit
                0x00000000        0x4 obj_iotdk_10/gnu_arcem9d/arc/startup/arc_cxx_support.o
 .text.__cxa_pure_virtual
                0x00000000        0x4 obj_iotdk_10/gnu_arcem9d/arc/startup/arc_cxx_support.o
 .bss.__dso_handle
                0x00000000        0x4 obj_iotdk_10/gnu_arcem9d/arc/startup/arc_cxx_support.o
 .text          0x00000000        0x0 obj_iotdk_10/gnu_arcem9d/arc/startup/arc_startup.o
 .data          0x00000000        0x0 obj_iotdk_10/gnu_arcem9d/arc/startup/arc_startup.o
 .bss           0x00000000        0x0 obj_iotdk_10/gnu_arcem9d/arc/startup/arc_startup.o
 .text          0x00000000        0x0 obj_iotdk_10/gnu_arcem9d/board/iotdk/drivers/ip/subsystem/gpio/dfss_gpio_obj.o
 .data          0x00000000        0x0 obj_iotdk_10/gnu_arcem9d/board/iotdk/drivers/ip/subsystem/gpio/dfss_gpio_obj.o
 .bss           0x00000000        0x0 obj_iotdk_10/gnu_arcem9d/board/iotdk/drivers/ip/subsystem/gpio/dfss_gpio_obj.o
 .text          0x00000000        0x0 obj_iotdk_10/gnu_arcem9d/device/ip/subsystem/gpio/ss_gpio.o
 .data          0x00000000        0x0 obj_iotdk_10/gnu_arcem9d/device/ip/subsystem/gpio/ss_gpio.o
 .bss           0x00000000        0x0 obj_iotdk_10/gnu_arcem9d/device/ip/subsystem/gpio/ss_gpio.o
 .text          0x00000000        0x0 obj_iotdk_10/gnu_arcem9d/board/iotdk/common/iotdk_init.o
 .data          0x00000000        0x0 obj_iotdk_10/gnu_arcem9d/board/iotdk/common/iotdk_init.o
 .bss           0x00000000        0x0 obj_iotdk_10/gnu_arcem9d/board/iotdk/common/iotdk_init.o
 .text          0x00000000        0x0 obj_iotdk_10/gnu_arcem9d/board/iotdk/common/iotdk_timer.o
 .data          0x00000000        0x0 obj_iotdk_10/gnu_arcem9d/board/iotdk/common/iotdk_timer.o
 .bss           0x00000000        0x0 obj_iotdk_10/gnu_arcem9d/board/iotdk/common/iotdk_timer.o
 .text.board_get_hwticks
                0x00000000       0x38 obj_iotdk_10/gnu_arcem9d/board/iotdk/common/iotdk_timer.o
 .text.board_get_cur_us
                0x00000000       0x58 obj_iotdk_10/gnu_arcem9d/board/iotdk/common/iotdk_timer.o
 .text          0x00000000        0x0 obj_iotdk_10/gnu_arcem9d/board/iotdk/drivers/mux/mux.o
 .data          0x00000000        0x0 obj_iotdk_10/gnu_arcem9d/board/iotdk/drivers/mux/mux.o
 .bss           0x00000000        0x0 obj_iotdk_10/gnu_arcem9d/board/iotdk/drivers/mux/mux.o
 .text.io_mikro_config
                0x00000000       0x3c obj_iotdk_10/gnu_arcem9d/board/iotdk/drivers/mux/mux.o
 .text.io_arduino_config
                0x00000000      0x260 obj_iotdk_10/gnu_arcem9d/board/iotdk/drivers/mux/mux.o
 .rodata.io_arduino_config
                0x00000000       0x50 obj_iotdk_10/gnu_arcem9d/board/iotdk/drivers/mux/mux.o
 .text.io_arduino_config_spi
                0x00000000       0x3c obj_iotdk_10/gnu_arcem9d/board/iotdk/drivers/mux/mux.o
 .text.io_arduino_config_uart
                0x00000000       0x3c obj_iotdk_10/gnu_arcem9d/board/iotdk/drivers/mux/mux.o
 .text.io_arduino_config_i2c
                0x00000000       0x3c obj_iotdk_10/gnu_arcem9d/board/iotdk/drivers/mux/mux.o
 .rodata.CSWTCH.46
                0x00000000       0x50 obj_iotdk_10/gnu_arcem9d/board/iotdk/drivers/mux/mux.o
 .text          0x00000000        0x0 obj_iotdk_10/gnu_arcem9d/board/iotdk/drivers/sysconf/sysconf.o
 .data          0x00000000        0x0 obj_iotdk_10/gnu_arcem9d/board/iotdk/drivers/sysconf/sysconf.o
 .bss           0x00000000        0x0 obj_iotdk_10/gnu_arcem9d/board/iotdk/drivers/sysconf/sysconf.o
 .text.ahb_clk_divisor
                0x00000000       0x10 obj_iotdk_10/gnu_arcem9d/board/iotdk/drivers/sysconf/sysconf.o
 .text.ahb_clk_enable
                0x00000000       0x1c obj_iotdk_10/gnu_arcem9d/board/iotdk/drivers/sysconf/sysconf.o
 .text.ahb_clk_disable
                0x00000000       0x24 obj_iotdk_10/gnu_arcem9d/board/iotdk/drivers/sysconf/sysconf.o
 .text.apb_clk_divisor
                0x00000000       0x10 obj_iotdk_10/gnu_arcem9d/board/iotdk/drivers/sysconf/sysconf.o
 .text.apb_clk_enable
                0x00000000       0x1c obj_iotdk_10/gnu_arcem9d/board/iotdk/drivers/sysconf/sysconf.o
 .text.apb_clk_disable
                0x00000000       0x24 obj_iotdk_10/gnu_arcem9d/board/iotdk/drivers/sysconf/sysconf.o
 .text.sdio_clk_divisor
                0x00000000       0x10 obj_iotdk_10/gnu_arcem9d/board/iotdk/drivers/sysconf/sysconf.o
 .text.spi_master_clk_divisor
                0x00000000       0x6c obj_iotdk_10/gnu_arcem9d/board/iotdk/drivers/sysconf/sysconf.o
 .text.gpio8b_dbclk_div
                0x00000000       0x8c obj_iotdk_10/gnu_arcem9d/board/iotdk/drivers/sysconf/sysconf.o
 .text.gpio4b_dbclk_div
                0x00000000       0x6c obj_iotdk_10/gnu_arcem9d/board/iotdk/drivers/sysconf/sysconf.o
 .text.i2s_tx_clk_div
                0x00000000       0x10 obj_iotdk_10/gnu_arcem9d/board/iotdk/drivers/sysconf/sysconf.o
 .text.i2s_rx_clk_div
                0x00000000       0x10 obj_iotdk_10/gnu_arcem9d/board/iotdk/drivers/sysconf/sysconf.o
 .text.i2s_rx_clk_sel
                0x00000000       0x10 obj_iotdk_10/gnu_arcem9d/board/iotdk/drivers/sysconf/sysconf.o
 .text.syscon_reset
                0x00000000       0x14 obj_iotdk_10/gnu_arcem9d/board/iotdk/drivers/sysconf/sysconf.o
 .text.is_poweron_rst
                0x00000000       0x18 obj_iotdk_10/gnu_arcem9d/board/iotdk/drivers/sysconf/sysconf.o
 .text.dvfs_clk_divisor
                0x00000000       0x8c obj_iotdk_10/gnu_arcem9d/board/iotdk/drivers/sysconf/sysconf.o
 .text.dvfs_vdd_config
                0x00000000       0x8c obj_iotdk_10/gnu_arcem9d/board/iotdk/drivers/sysconf/sysconf.o
 .text.dvfs_vwtime_config
                0x00000000       0x10 obj_iotdk_10/gnu_arcem9d/board/iotdk/drivers/sysconf/sysconf.o
 .text.pmc_pwwtime_config
                0x00000000       0x10 obj_iotdk_10/gnu_arcem9d/board/iotdk/drivers/sysconf/sysconf.o
 .text.uart3_clk_divisor
                0x00000000       0x10 obj_iotdk_10/gnu_arcem9d/board/iotdk/drivers/sysconf/sysconf.o
 .text.reset_powerdown_vector
                0x00000000       0x10 obj_iotdk_10/gnu_arcem9d/board/iotdk/drivers/sysconf/sysconf.o
 .text.pwm_timer_pause
                0x00000000       0x30 obj_iotdk_10/gnu_arcem9d/board/iotdk/drivers/sysconf/sysconf.o
 .text.eflash_clk_div
                0x00000000       0x1c obj_iotdk_10/gnu_arcem9d/board/iotdk/drivers/sysconf/sysconf.o
 .text          0x00000000        0x0 obj_iotdk_10/gnu_arcem9d/middleware/common/console_io.o
 .data          0x00000000        0x0 obj_iotdk_10/gnu_arcem9d/middleware/common/console_io.o
 .bss           0x00000000        0x0 obj_iotdk_10/gnu_arcem9d/middleware/common/console_io.o
 .text.console_putstr
                0x00000000       0x14 obj_iotdk_10/gnu_arcem9d/middleware/common/console_io.o
 .text.console_getstr
                0x00000000       0x14 obj_iotdk_10/gnu_arcem9d/middleware/common/console_io.o
 .text          0x00000000        0x0 obj_iotdk_10/gnu_arcem9d/middleware/common/xprintf/xprintf.o
 .data          0x00000000        0x0 obj_iotdk_10/gnu_arcem9d/middleware/common/xprintf/xprintf.o
 .bss           0x00000000        0x0 obj_iotdk_10/gnu_arcem9d/middleware/common/xprintf/xprintf.o
 .text.xgets.part.0
                0x00000000       0x88 obj_iotdk_10/gnu_arcem9d/middleware/common/xprintf/xprintf.o
 .text.xputs    0x00000000       0x20 obj_iotdk_10/gnu_arcem9d/middleware/common/xprintf/xprintf.o
 .text.xfputs   0x00000000       0x3c obj_iotdk_10/gnu_arcem9d/middleware/common/xprintf/xprintf.o
 .text.xsprintf
                0x00000000       0x44 obj_iotdk_10/gnu_arcem9d/middleware/common/xprintf/xprintf.o
 .text.xfprintf
                0x00000000       0x48 obj_iotdk_10/gnu_arcem9d/middleware/common/xprintf/xprintf.o
 .rodata.put_dump.str1.4
                0x00000000       0x20 obj_iotdk_10/gnu_arcem9d/middleware/common/xprintf/xprintf.o
 .text.put_dump
                0x00000000       0xf0 obj_iotdk_10/gnu_arcem9d/middleware/common/xprintf/xprintf.o
 .text.xgets    0x00000000       0x14 obj_iotdk_10/gnu_arcem9d/middleware/common/xprintf/xprintf.o
 .text.xfgets   0x00000000       0x34 obj_iotdk_10/gnu_arcem9d/middleware/common/xprintf/xprintf.o
 .text.xatoi    0x00000000       0xfc obj_iotdk_10/gnu_arcem9d/middleware/common/xprintf/xprintf.o
 .text          0x00000000        0x0 obj_iotdk_10/gnu_arcem9d/arc/arc_cache.o
 .data          0x00000000        0x0 obj_iotdk_10/gnu_arcem9d/arc/arc_cache.o
 .bss           0x00000000        0x0 obj_iotdk_10/gnu_arcem9d/arc/arc_cache.o
 .text.icache_invalidate_mlines
                0x00000000       0x60 obj_iotdk_10/gnu_arcem9d/arc/arc_cache.o
 .text.icache_lock_mlines
                0x00000000       0x74 obj_iotdk_10/gnu_arcem9d/arc/arc_cache.o
 .text.icache_direct_write
                0x00000000       0x38 obj_iotdk_10/gnu_arcem9d/arc/arc_cache.o
 .text.icache_direct_read
                0x00000000       0x34 obj_iotdk_10/gnu_arcem9d/arc/arc_cache.o
 .text.icache_indirect_read
                0x00000000       0x38 obj_iotdk_10/gnu_arcem9d/arc/arc_cache.o
 .text.dcache_invalidate_mlines
                0x00000000       0x80 obj_iotdk_10/gnu_arcem9d/arc/arc_cache.o
 .text.dcache_flush_mlines
                0x00000000       0x80 obj_iotdk_10/gnu_arcem9d/arc/arc_cache.o
 .text.dcache_lock_mlines
                0x00000000       0x78 obj_iotdk_10/gnu_arcem9d/arc/arc_cache.o
 .text.dcache_direct_write
                0x00000000       0x38 obj_iotdk_10/gnu_arcem9d/arc/arc_cache.o
 .text.dcache_direct_read
                0x00000000       0x34 obj_iotdk_10/gnu_arcem9d/arc/arc_cache.o
 .text.dcache_indirect_read
                0x00000000       0x38 obj_iotdk_10/gnu_arcem9d/arc/arc_cache.o
 .text          0x00000000        0x0 obj_iotdk_10/gnu_arcem9d/arc/arc_exception.o
 .data          0x00000000        0x0 obj_iotdk_10/gnu_arcem9d/arc/arc_exception.o
 .bss           0x00000000        0x0 obj_iotdk_10/gnu_arcem9d/arc/arc_exception.o
 .text.exc_entry_install
                0x00000000       0x78 obj_iotdk_10/gnu_arcem9d/arc/arc_exception.o
 .text.exc_entry_get
                0x00000000       0x1c obj_iotdk_10/gnu_arcem9d/arc/arc_exception.o
 .text.exc_handler_install
                0x00000000       0x1c obj_iotdk_10/gnu_arcem9d/arc/arc_exception.o
 .text.exc_handler_get
                0x00000000       0x1c obj_iotdk_10/gnu_arcem9d/arc/arc_exception.o
 .text.int_enabled
                0x00000000       0x20 obj_iotdk_10/gnu_arcem9d/arc/arc_exception.o
 .text.int_ipm_get
                0x00000000       0x10 obj_iotdk_10/gnu_arcem9d/arc/arc_exception.o
 .text.int_ipm_set
                0x00000000       0x34 obj_iotdk_10/gnu_arcem9d/arc/arc_exception.o
 .text.int_pri_get
                0x00000000       0x28 obj_iotdk_10/gnu_arcem9d/arc/arc_exception.o
 .text.int_pri_set
                0x00000000       0x3c obj_iotdk_10/gnu_arcem9d/arc/arc_exception.o
 .text.int_secure_set
                0x00000000       0x44 obj_iotdk_10/gnu_arcem9d/arc/arc_exception.o
 .text.int_probe
                0x00000000       0x20 obj_iotdk_10/gnu_arcem9d/arc/arc_exception.o
 .text.int_sw_trigger
                0x00000000       0x1c obj_iotdk_10/gnu_arcem9d/arc/arc_exception.o
 .text.int_level_config
                0x00000000       0x24 obj_iotdk_10/gnu_arcem9d/arc/arc_exception.o
 .text.cpu_lock
                0x00000000        0x8 obj_iotdk_10/gnu_arcem9d/arc/arc_exception.o
 .text.int_handler_get
                0x00000000       0x20 obj_iotdk_10/gnu_arcem9d/arc/arc_exception.o
 .text          0x00000000        0x0 obj_iotdk_10/gnu_arcem9d/arc/arc_timer.o
 .data          0x00000000        0x0 obj_iotdk_10/gnu_arcem9d/arc/arc_timer.o
 .bss           0x00000000        0x0 obj_iotdk_10/gnu_arcem9d/arc/arc_timer.o
 .text.timer_stop
                0x00000000       0x70 obj_iotdk_10/gnu_arcem9d/arc/arc_timer.o
 .text.arc_delay_us
                0x00000000        0x8 obj_iotdk_10/gnu_arcem9d/arc/arc_timer.o
 .data          0x00000000        0x0 obj_iotdk_10/gnu_arcem9d/arc/arc_exc_asm.o
 .bss           0x00000000        0x0 obj_iotdk_10/gnu_arcem9d/arc/arc_exc_asm.o
 .text          0x00000000        0x0 obj_iotdk_10/gnu_arcem9d/library/clib/embarc_misc.o
 .data          0x00000000        0x0 obj_iotdk_10/gnu_arcem9d/library/clib/embarc_misc.o
 .bss           0x00000000        0x0 obj_iotdk_10/gnu_arcem9d/library/clib/embarc_misc.o
 .text          0x00000000        0x0 obj_iotdk_10/gnu_arcem9d/board/iotdk/drivers/ip/subsystem/uart/dfss_uart_obj.o
 .data          0x00000000        0x0 obj_iotdk_10/gnu_arcem9d/board/iotdk/drivers/ip/subsystem/uart/dfss_uart_obj.o
 .bss           0x00000000        0x0 obj_iotdk_10/gnu_arcem9d/board/iotdk/drivers/ip/subsystem/uart/dfss_uart_obj.o
 .text          0x00000000        0x0 obj_iotdk_10/gnu_arcem9d/device/ip/subsystem/gpio/gpio.o
 .data          0x00000000        0x0 obj_iotdk_10/gnu_arcem9d/device/ip/subsystem/gpio/gpio.o
 .bss           0x00000000        0x0 obj_iotdk_10/gnu_arcem9d/device/ip/subsystem/gpio/gpio.o
 .text          0x00000000        0x0 obj_iotdk_10/gnu_arcem9d/device/ip/subsystem/uart/ss_uart.o
 .data          0x00000000        0x0 obj_iotdk_10/gnu_arcem9d/device/ip/subsystem/uart/ss_uart.o
 .bss           0x00000000        0x0 obj_iotdk_10/gnu_arcem9d/device/ip/subsystem/uart/ss_uart.o
 .text          0x00000000        0x0 obj_iotdk_10/gnu_arcem9d/device/ip/subsystem/uart/uart.o
 .data          0x00000000        0x0 obj_iotdk_10/gnu_arcem9d/device/ip/subsystem/uart/uart.o
 .bss           0x00000000        0x0 obj_iotdk_10/gnu_arcem9d/device/ip/subsystem/uart/uart.o
 .text          0x00000000        0x0 c:/arc_gnu/bin/../lib/gcc/arc-elf32/9.3.1/em4_fpuda\libgcc.a(_divdi3.o)
 .data          0x00000000        0x0 c:/arc_gnu/bin/../lib/gcc/arc-elf32/9.3.1/em4_fpuda\libgcc.a(_divdi3.o)
 .bss           0x00000000        0x0 c:/arc_gnu/bin/../lib/gcc/arc-elf32/9.3.1/em4_fpuda\libgcc.a(_divdi3.o)
 .text.__divdi3
                0x00000000      0x3ac c:/arc_gnu/bin/../lib/gcc/arc-elf32/9.3.1/em4_fpuda\libgcc.a(_divdi3.o)
 .note.GNU-stack
                0x00000000        0x0 c:/arc_gnu/bin/../lib/gcc/arc-elf32/9.3.1/em4_fpuda\libgcc.a(_divdi3.o)
 .debug_frame   0x00000000       0x40 c:/arc_gnu/bin/../lib/gcc/arc-elf32/9.3.1/em4_fpuda\libgcc.a(_divdi3.o)
 .ARC.attributes
                0x00000000       0x40 c:/arc_gnu/bin/../lib/gcc/arc-elf32/9.3.1/em4_fpuda\libgcc.a(_divdi3.o)
 .text          0x00000000        0x0 c:/arc_gnu/bin/../lib/gcc/arc-elf32/9.3.1/em4_fpuda\libgcc.a(_udivdi3.o)
 .data          0x00000000        0x0 c:/arc_gnu/bin/../lib/gcc/arc-elf32/9.3.1/em4_fpuda\libgcc.a(_udivdi3.o)
 .bss           0x00000000        0x0 c:/arc_gnu/bin/../lib/gcc/arc-elf32/9.3.1/em4_fpuda\libgcc.a(_udivdi3.o)

Memory Configuration

Name             Origin             Length             Attributes
REGION_ICCM      0x20000000         0x00040000
REGION_DCCM      0x80000000         0x00020000
REGION_EXT_ROM   0x00000000         0x00040000
REGION_EXT_RAM   0x30000000         0x00020000
*default*        0x00000000         0xffffffff

Linker script and memory map

LOAD c:/arc_gnu/bin/../lib/gcc/arc-elf32/9.3.1/../../../../arc-elf32/lib/em4_fpuda\libm.a

.init           0x20000000      0x214
                0x20000000                . = (. + 0x0)
                0x20000000                _f_init = .
 *(.init_vector .init_vector.*)
 .init_vector   0x20000000        0x4 obj_iotdk_10/gnu_arcem9d/arc/startup/arc_startup.o
 *(.init_bootstrap .init_bootstrap.*)
 .init_bootstrap
                0x20000004      0x210 obj_iotdk_10/gnu_arcem9d/arc/startup/arc_startup.o
                0x20000004                _arc_reset
                0x20000004                _start
                0x20000200                _exit_loop
                0x20000200                _exit_halt
                0x20000214                _e_init = .

.vector         0x20000400      0x400
                0x20000400                _f_vector = .
 *(.vector .vector.*)
 .vector        0x20000400      0x400 obj_iotdk_10/gnu_arcem9d/arc/arc_exception.o
                0x20000400                exc_entry_table
                0x20000800                _e_vector = .

.text           0x20000800     0x3500
                0x20000800                _f_text = .
 *(.text .text.* .gnu.linkonce.t.*)
 .text.startup.main
                0x20000800       0x60 obj_iotdk_10/gnu_arcem9d/application/./main.o
                0x20000800                main
 .text.board_main
                0x20000860       0x40 obj_iotdk_10/gnu_arcem9d/board/board.o
                0x20000860                board_main
 .text.__do_global_ctors_aux
                0x200008a0       0x30 obj_iotdk_10/gnu_arcem9d/arc/startup/arc_cxx_support.o
                0x200008a0                __do_global_ctors_aux
 .text.__do_global_dtors_aux
                0x200008d0       0x34 obj_iotdk_10/gnu_arcem9d/arc/startup/arc_cxx_support.o
                0x200008d0                __do_global_dtors_aux
 .text.__do_init_array_aux
                0x20000904       0x3c obj_iotdk_10/gnu_arcem9d/arc/startup/arc_cxx_support.o
                0x20000904                __do_init_array_aux
 .text.dfss_gpio_0_read
                0x20000940       0x10 obj_iotdk_10/gnu_arcem9d/board/iotdk/drivers/ip/subsystem/gpio/dfss_gpio_obj.o
 .text.dfss_gpio_1_read
                0x20000950       0x10 obj_iotdk_10/gnu_arcem9d/board/iotdk/drivers/ip/subsystem/gpio/dfss_gpio_obj.o
 .text.dfss_gpio_2_read
                0x20000960       0x10 obj_iotdk_10/gnu_arcem9d/board/iotdk/drivers/ip/subsystem/gpio/dfss_gpio_obj.o
 .text.dfss_gpio_3_read
                0x20000970       0x10 obj_iotdk_10/gnu_arcem9d/board/iotdk/drivers/ip/subsystem/gpio/dfss_gpio_obj.o
 .text.dfss_gpio_4_read
                0x20000980       0x10 obj_iotdk_10/gnu_arcem9d/board/iotdk/drivers/ip/subsystem/gpio/dfss_gpio_obj.o
 .text.dfss_gpio_5_read
                0x20000990       0x10 obj_iotdk_10/gnu_arcem9d/board/iotdk/drivers/ip/subsystem/gpio/dfss_gpio_obj.o
 .text.dfss_gpio_6_read
                0x200009a0       0x10 obj_iotdk_10/gnu_arcem9d/board/iotdk/drivers/ip/subsystem/gpio/dfss_gpio_obj.o
 .text.dfss_gpio_0_write
                0x200009b0       0x10 obj_iotdk_10/gnu_arcem9d/board/iotdk/drivers/ip/subsystem/gpio/dfss_gpio_obj.o
 .text.dfss_gpio_1_write
                0x200009c0       0x10 obj_iotdk_10/gnu_arcem9d/board/iotdk/drivers/ip/subsystem/gpio/dfss_gpio_obj.o
 .text.dfss_gpio_2_write
                0x200009d0       0x10 obj_iotdk_10/gnu_arcem9d/board/iotdk/drivers/ip/subsystem/gpio/dfss_gpio_obj.o
 .text.dfss_gpio_3_write
                0x200009e0       0x10 obj_iotdk_10/gnu_arcem9d/board/iotdk/drivers/ip/subsystem/gpio/dfss_gpio_obj.o
 .text.dfss_gpio_4_write
                0x200009f0       0x10 obj_iotdk_10/gnu_arcem9d/board/iotdk/drivers/ip/subsystem/gpio/dfss_gpio_obj.o
 .text.dfss_gpio_5_write
                0x20000a00       0x10 obj_iotdk_10/gnu_arcem9d/board/iotdk/drivers/ip/subsystem/gpio/dfss_gpio_obj.o
 .text.dfss_gpio_6_write
                0x20000a10       0x10 obj_iotdk_10/gnu_arcem9d/board/iotdk/drivers/ip/subsystem/gpio/dfss_gpio_obj.o
 .text.dfss_gpio_0_control
                0x20000a20       0x10 obj_iotdk_10/gnu_arcem9d/board/iotdk/drivers/ip/subsystem/gpio/dfss_gpio_obj.o
 .text.dfss_gpio_1_control
                0x20000a30       0x10 obj_iotdk_10/gnu_arcem9d/board/iotdk/drivers/ip/subsystem/gpio/dfss_gpio_obj.o
 .text.dfss_gpio_2_control
                0x20000a40       0x10 obj_iotdk_10/gnu_arcem9d/board/iotdk/drivers/ip/subsystem/gpio/dfss_gpio_obj.o
 .text.dfss_gpio_3_control
                0x20000a50       0x10 obj_iotdk_10/gnu_arcem9d/board/iotdk/drivers/ip/subsystem/gpio/dfss_gpio_obj.o
 .text.dfss_gpio_4_control
                0x20000a60       0x10 obj_iotdk_10/gnu_arcem9d/board/iotdk/drivers/ip/subsystem/gpio/dfss_gpio_obj.o
 .text.dfss_gpio_5_control
                0x20000a70       0x10 obj_iotdk_10/gnu_arcem9d/board/iotdk/drivers/ip/subsystem/gpio/dfss_gpio_obj.o
 .text.dfss_gpio_6_control
                0x20000a80       0x10 obj_iotdk_10/gnu_arcem9d/board/iotdk/drivers/ip/subsystem/gpio/dfss_gpio_obj.o
 .text.dfss_gpio_0_close
                0x20000a90        0xc obj_iotdk_10/gnu_arcem9d/board/iotdk/drivers/ip/subsystem/gpio/dfss_gpio_obj.o
 .text.dfss_gpio_1_close
                0x20000a9c        0xc obj_iotdk_10/gnu_arcem9d/board/iotdk/drivers/ip/subsystem/gpio/dfss_gpio_obj.o
 .text.dfss_gpio_2_close
                0x20000aa8        0xc obj_iotdk_10/gnu_arcem9d/board/iotdk/drivers/ip/subsystem/gpio/dfss_gpio_obj.o
 .text.dfss_gpio_3_close
                0x20000ab4        0xc obj_iotdk_10/gnu_arcem9d/board/iotdk/drivers/ip/subsystem/gpio/dfss_gpio_obj.o
 .text.dfss_gpio_4_close
                0x20000ac0        0xc obj_iotdk_10/gnu_arcem9d/board/iotdk/drivers/ip/subsystem/gpio/dfss_gpio_obj.o
 .text.dfss_gpio_5_close
                0x20000acc        0xc obj_iotdk_10/gnu_arcem9d/board/iotdk/drivers/ip/subsystem/gpio/dfss_gpio_obj.o
 .text.dfss_gpio_6_close
                0x20000ad8        0xc obj_iotdk_10/gnu_arcem9d/board/iotdk/drivers/ip/subsystem/gpio/dfss_gpio_obj.o
 .text.dfss_gpio_0_open
                0x20000ae4        0xc obj_iotdk_10/gnu_arcem9d/board/iotdk/drivers/ip/subsystem/gpio/dfss_gpio_obj.o
 .text.dfss_gpio_1_open
                0x20000af0        0xc obj_iotdk_10/gnu_arcem9d/board/iotdk/drivers/ip/subsystem/gpio/dfss_gpio_obj.o
 .text.dfss_gpio_2_open
                0x20000afc        0xc obj_iotdk_10/gnu_arcem9d/board/iotdk/drivers/ip/subsystem/gpio/dfss_gpio_obj.o
 .text.dfss_gpio_3_open
                0x20000b08        0xc obj_iotdk_10/gnu_arcem9d/board/iotdk/drivers/ip/subsystem/gpio/dfss_gpio_obj.o
 .text.dfss_gpio_4_open
                0x20000b14        0xc obj_iotdk_10/gnu_arcem9d/board/iotdk/drivers/ip/subsystem/gpio/dfss_gpio_obj.o
 .text.dfss_gpio_5_open
                0x20000b20        0xc obj_iotdk_10/gnu_arcem9d/board/iotdk/drivers/ip/subsystem/gpio/dfss_gpio_obj.o
 .text.dfss_gpio_6_open
                0x20000b2c        0xc obj_iotdk_10/gnu_arcem9d/board/iotdk/drivers/ip/subsystem/gpio/dfss_gpio_obj.o
 .text.gpio_int_cb0
                0x20000b38        0xc obj_iotdk_10/gnu_arcem9d/board/iotdk/drivers/ip/subsystem/gpio/dfss_gpio_obj.o
 .text.gpio_int_cb1
                0x20000b44        0xc obj_iotdk_10/gnu_arcem9d/board/iotdk/drivers/ip/subsystem/gpio/dfss_gpio_obj.o
 .text.gpio_int_cb2
                0x20000b50        0xc obj_iotdk_10/gnu_arcem9d/board/iotdk/drivers/ip/subsystem/gpio/dfss_gpio_obj.o
 .text.gpio_int_cb3
                0x20000b5c        0xc obj_iotdk_10/gnu_arcem9d/board/iotdk/drivers/ip/subsystem/gpio/dfss_gpio_obj.o
 .text.gpio_int_cb4
                0x20000b68        0xc obj_iotdk_10/gnu_arcem9d/board/iotdk/drivers/ip/subsystem/gpio/dfss_gpio_obj.o
 .text.gpio_int_cb5
                0x20000b74        0xc obj_iotdk_10/gnu_arcem9d/board/iotdk/drivers/ip/subsystem/gpio/dfss_gpio_obj.o
 .text.gpio_int_cb6
                0x20000b80        0xc obj_iotdk_10/gnu_arcem9d/board/iotdk/drivers/ip/subsystem/gpio/dfss_gpio_obj.o
 .text.dfss_gpio_all_install
                0x20000b8c      0x1f0 obj_iotdk_10/gnu_arcem9d/board/iotdk/drivers/ip/subsystem/gpio/dfss_gpio_obj.o
                0x20000b8c                dfss_gpio_all_install
 .text.gpio_get_dev
                0x20000d7c       0x4c obj_iotdk_10/gnu_arcem9d/board/iotdk/drivers/ip/subsystem/gpio/dfss_gpio_obj.o
                0x20000d7c                gpio_get_dev
 .text.ss_gpio_open
                0x20000dc8       0xb8 obj_iotdk_10/gnu_arcem9d/device/ip/subsystem/gpio/ss_gpio.o
                0x20000dc8                ss_gpio_open
 .text.ss_gpio_close
                0x20000e80       0x3c obj_iotdk_10/gnu_arcem9d/device/ip/subsystem/gpio/ss_gpio.o
                0x20000e80                ss_gpio_close
 .text.ss_gpio_control
                0x20000ebc      0x208 obj_iotdk_10/gnu_arcem9d/device/ip/subsystem/gpio/ss_gpio.o
                0x20000ebc                ss_gpio_control
 .text.ss_gpio_write
                0x200010c4       0x44 obj_iotdk_10/gnu_arcem9d/device/ip/subsystem/gpio/ss_gpio.o
                0x200010c4                ss_gpio_write
 .text.ss_gpio_read
                0x20001108       0x30 obj_iotdk_10/gnu_arcem9d/device/ip/subsystem/gpio/ss_gpio.o
                0x20001108                ss_gpio_read
 .text.ss_gpio_int_cb
                0x20001138       0x4c obj_iotdk_10/gnu_arcem9d/device/ip/subsystem/gpio/ss_gpio.o
                0x20001138                ss_gpio_int_cb
 .text.board_init
                0x20001184       0x2c obj_iotdk_10/gnu_arcem9d/board/iotdk/common/iotdk_init.o
                0x20001184                board_init
 .text.board_timer_update
                0x200011b0       0x90 obj_iotdk_10/gnu_arcem9d/board/iotdk/common/iotdk_timer.o
                0x200011b0                board_timer_update
 .text.iotdk_timer_isr
                0x20001240       0x14 obj_iotdk_10/gnu_arcem9d/board/iotdk/common/iotdk_timer.o
 .text.iotdk_timer_init
                0x20001254       0x40 obj_iotdk_10/gnu_arcem9d/board/iotdk/common/iotdk_timer.o
                0x20001254                iotdk_timer_init
 .text.board_delay_ms
                0x20001294       0xec obj_iotdk_10/gnu_arcem9d/board/iotdk/common/iotdk_timer.o
                0x20001294                board_delay_ms
 .text.io_pmod_config
                0x20001380       0x94 obj_iotdk_10/gnu_arcem9d/board/iotdk/drivers/mux/mux.o
                0x20001380                io_pmod_config
 .text.io_mux_init
                0x20001414       0x14 obj_iotdk_10/gnu_arcem9d/board/iotdk/drivers/mux/mux.o
                0x20001414                io_mux_init
 .text.pll_conf_reg
                0x20001428       0x48 obj_iotdk_10/gnu_arcem9d/board/iotdk/drivers/sysconf/sysconf.o
                0x20001428                pll_conf_reg
 .text.pll_fout_config
                0x20001470       0xa4 obj_iotdk_10/gnu_arcem9d/board/iotdk/drivers/sysconf/sysconf.o
                0x20001470                pll_fout_config
 .text.console_putchar
                0x20001514       0x2c obj_iotdk_10/gnu_arcem9d/middleware/common/console_io.o
                0x20001514                console_putchar
 .text.console_getchar
                0x20001540       0x44 obj_iotdk_10/gnu_arcem9d/middleware/common/console_io.o
                0x20001540                console_getchar
 .text.xprintf_setup
                0x20001584       0x88 obj_iotdk_10/gnu_arcem9d/middleware/common/console_io.o
                0x20001584                xprintf_setup
 .text.xputc    0x2000160c       0x48 obj_iotdk_10/gnu_arcem9d/middleware/common/xprintf/xprintf.o
                0x2000160c                xputc
 .text.xvprintf
                0x20001654      0x394 obj_iotdk_10/gnu_arcem9d/middleware/common/xprintf/xprintf.o
                0x20001654                xvprintf
 .text.xprintf  0x200019e8       0x28 obj_iotdk_10/gnu_arcem9d/middleware/common/xprintf/xprintf.o
                0x200019e8                xprintf
 .text.arc_cache_init
                0x20001a10      0x118 obj_iotdk_10/gnu_arcem9d/arc/arc_cache.o
                0x20001a10                arc_cache_init
 .text.int_handler_default
                0x20001b28       0x34 obj_iotdk_10/gnu_arcem9d/arc/arc_exception.o
 .text.dump_protv_access_err
                0x20001b5c       0x80 obj_iotdk_10/gnu_arcem9d/arc/arc_exception.o
 .text.exc_handler_default
                0x20001bdc      0x39c obj_iotdk_10/gnu_arcem9d/arc/arc_exception.o
 .text.exc_int_init
                0x20001f78       0x80 obj_iotdk_10/gnu_arcem9d/arc/arc_exception.o
                0x20001f78                exc_int_init
 .text.int_disable
                0x20001ff8       0x28 obj_iotdk_10/gnu_arcem9d/arc/arc_exception.o
                0x20001ff8                int_disable
 .text.int_enable
                0x20002020       0x28 obj_iotdk_10/gnu_arcem9d/arc/arc_exception.o
                0x20002020                int_enable
 .text.cpu_unlock
                0x20002048        0x8 obj_iotdk_10/gnu_arcem9d/arc/arc_exception.o
                0x20002048                cpu_unlock
 .text.cpu_lock_save
                0x20002050        0x8 obj_iotdk_10/gnu_arcem9d/arc/arc_exception.o
                0x20002050                cpu_lock_save
 .text.cpu_unlock_restore
                0x20002058        0x8 obj_iotdk_10/gnu_arcem9d/arc/arc_exception.o
                0x20002058                cpu_unlock_restore
 .text.int_handler_install
                0x20002060       0x20 obj_iotdk_10/gnu_arcem9d/arc/arc_exception.o
                0x20002060                int_handler_install
 .text.arc_delay_us.part.0
                0x20002080       0x4c obj_iotdk_10/gnu_arcem9d/arc/arc_timer.o
 .text.timer_present
                0x200020cc       0x38 obj_iotdk_10/gnu_arcem9d/arc/arc_timer.o
                0x200020cc                timer_present
 .text.timer_start
                0x20002104       0x6c obj_iotdk_10/gnu_arcem9d/arc/arc_timer.o
                0x20002104                timer_start
 .text.timer_current
                0x20002170       0x30 obj_iotdk_10/gnu_arcem9d/arc/arc_timer.o
                0x20002170                timer_current
 .text.timer_int_clear
                0x200021a0       0x34 obj_iotdk_10/gnu_arcem9d/arc/arc_timer.o
                0x200021a0                timer_int_clear
 .text.timer_init
                0x200021d4       0x74 obj_iotdk_10/gnu_arcem9d/arc/arc_timer.o
                0x200021d4                timer_init
 .text.timer_calibrate_delay
                0x20002248      0x1ac obj_iotdk_10/gnu_arcem9d/arc/arc_timer.o
                0x20002248                timer_calibrate_delay
 .text          0x200023f4      0x2f8 obj_iotdk_10/gnu_arcem9d/arc/arc_exc_asm.o
                0x200023f4                exc_entry_cpu
                0x20002574                exc_entry_int
                0x20002628                exc_entry_firq
 .text.gnu_printf_setup
                0x200026ec        0x4 obj_iotdk_10/gnu_arcem9d/library/clib/embarc_misc.o
                0x200026ec                gnu_printf_setup
 .text.dfss_uart_0_read
                0x200026f0       0x10 obj_iotdk_10/gnu_arcem9d/board/iotdk/drivers/ip/subsystem/uart/dfss_uart_obj.o
 .text.dfss_uart_1_read
                0x20002700       0x10 obj_iotdk_10/gnu_arcem9d/board/iotdk/drivers/ip/subsystem/uart/dfss_uart_obj.o
 .text.dfss_uart_2_read
                0x20002710       0x10 obj_iotdk_10/gnu_arcem9d/board/iotdk/drivers/ip/subsystem/uart/dfss_uart_obj.o
 .text.dfss_uart_3_read
                0x20002720       0x10 obj_iotdk_10/gnu_arcem9d/board/iotdk/drivers/ip/subsystem/uart/dfss_uart_obj.o
 .text.dfss_uart_0_write
                0x20002730       0x10 obj_iotdk_10/gnu_arcem9d/board/iotdk/drivers/ip/subsystem/uart/dfss_uart_obj.o
 .text.dfss_uart_1_write
                0x20002740       0x10 obj_iotdk_10/gnu_arcem9d/board/iotdk/drivers/ip/subsystem/uart/dfss_uart_obj.o
 .text.dfss_uart_2_write
                0x20002750       0x10 obj_iotdk_10/gnu_arcem9d/board/iotdk/drivers/ip/subsystem/uart/dfss_uart_obj.o
 .text.dfss_uart_3_write
                0x20002760       0x10 obj_iotdk_10/gnu_arcem9d/board/iotdk/drivers/ip/subsystem/uart/dfss_uart_obj.o
 .text.dfss_uart_0_control
                0x20002770       0x10 obj_iotdk_10/gnu_arcem9d/board/iotdk/drivers/ip/subsystem/uart/dfss_uart_obj.o
 .text.dfss_uart_1_control
                0x20002780       0x10 obj_iotdk_10/gnu_arcem9d/board/iotdk/drivers/ip/subsystem/uart/dfss_uart_obj.o
 .text.dfss_uart_2_control
                0x20002790       0x10 obj_iotdk_10/gnu_arcem9d/board/iotdk/drivers/ip/subsystem/uart/dfss_uart_obj.o
 .text.dfss_uart_3_control
                0x200027a0       0x10 obj_iotdk_10/gnu_arcem9d/board/iotdk/drivers/ip/subsystem/uart/dfss_uart_obj.o
 .text.dfss_uart_0_close
                0x200027b0        0xc obj_iotdk_10/gnu_arcem9d/board/iotdk/drivers/ip/subsystem/uart/dfss_uart_obj.o
 .text.dfss_uart_1_close
                0x200027bc        0xc obj_iotdk_10/gnu_arcem9d/board/iotdk/drivers/ip/subsystem/uart/dfss_uart_obj.o
 .text.dfss_uart_2_close
                0x200027c8        0xc obj_iotdk_10/gnu_arcem9d/board/iotdk/drivers/ip/subsystem/uart/dfss_uart_obj.o
 .text.dfss_uart_3_close
                0x200027d4        0xc obj_iotdk_10/gnu_arcem9d/board/iotdk/drivers/ip/subsystem/uart/dfss_uart_obj.o
 .text.dfss_uart_0_open
                0x200027e0        0xc obj_iotdk_10/gnu_arcem9d/board/iotdk/drivers/ip/subsystem/uart/dfss_uart_obj.o
 .text.dfss_uart_1_open
                0x200027ec        0xc obj_iotdk_10/gnu_arcem9d/board/iotdk/drivers/ip/subsystem/uart/dfss_uart_obj.o
 .text.dfss_uart_2_open
                0x200027f8        0xc obj_iotdk_10/gnu_arcem9d/board/iotdk/drivers/ip/subsystem/uart/dfss_uart_obj.o
 .text.dfss_uart_3_open
                0x20002804        0xc obj_iotdk_10/gnu_arcem9d/board/iotdk/drivers/ip/subsystem/uart/dfss_uart_obj.o
 .text.uart_err_cb0
                0x20002810        0xc obj_iotdk_10/gnu_arcem9d/board/iotdk/drivers/ip/subsystem/uart/dfss_uart_obj.o
 .text.uart_err_cb1
                0x2000281c        0xc obj_iotdk_10/gnu_arcem9d/board/iotdk/drivers/ip/subsystem/uart/dfss_uart_obj.o
 .text.uart_err_cb2
                0x20002828        0xc obj_iotdk_10/gnu_arcem9d/board/iotdk/drivers/ip/subsystem/uart/dfss_uart_obj.o
 .text.uart_err_cb3
                0x20002834        0xc obj_iotdk_10/gnu_arcem9d/board/iotdk/drivers/ip/subsystem/uart/dfss_uart_obj.o
 .text.uart_rx_cb0
                0x20002840        0xc obj_iotdk_10/gnu_arcem9d/board/iotdk/drivers/ip/subsystem/uart/dfss_uart_obj.o
 .text.uart_rx_cb1
                0x2000284c        0xc obj_iotdk_10/gnu_arcem9d/board/iotdk/drivers/ip/subsystem/uart/dfss_uart_obj.o
 .text.uart_rx_cb2
                0x20002858        0xc obj_iotdk_10/gnu_arcem9d/board/iotdk/drivers/ip/subsystem/uart/dfss_uart_obj.o
 .text.uart_rx_cb3
                0x20002864        0xc obj_iotdk_10/gnu_arcem9d/board/iotdk/drivers/ip/subsystem/uart/dfss_uart_obj.o
 .text.uart_tx_cb0
                0x20002870        0xc obj_iotdk_10/gnu_arcem9d/board/iotdk/drivers/ip/subsystem/uart/dfss_uart_obj.o
 .text.uart_tx_cb1
                0x2000287c        0xc obj_iotdk_10/gnu_arcem9d/board/iotdk/drivers/ip/subsystem/uart/dfss_uart_obj.o
 .text.uart_tx_cb2
                0x20002888        0xc obj_iotdk_10/gnu_arcem9d/board/iotdk/drivers/ip/subsystem/uart/dfss_uart_obj.o
 .text.uart_tx_cb3
                0x20002894        0xc obj_iotdk_10/gnu_arcem9d/board/iotdk/drivers/ip/subsystem/uart/dfss_uart_obj.o
 .text.dfss_uart_all_install
                0x200028a0      0x120 obj_iotdk_10/gnu_arcem9d/board/iotdk/drivers/ip/subsystem/uart/dfss_uart_obj.o
                0x200028a0                dfss_uart_all_install
 .text.uart_get_dev
                0x200029c0       0x48 obj_iotdk_10/gnu_arcem9d/board/iotdk/drivers/ip/subsystem/uart/dfss_uart_obj.o
                0x200029c0                uart_get_dev
 .text.gpio_ISR_proc
                0x20002a08       0x40 obj_iotdk_10/gnu_arcem9d/device/ip/subsystem/gpio/gpio.o
 .text.gpio_4B_2_ISR
                0x20002a48        0x8 obj_iotdk_10/gnu_arcem9d/device/ip/subsystem/gpio/gpio.o
 .text.gpio_4B_1_ISR
                0x20002a50        0x8 obj_iotdk_10/gnu_arcem9d/device/ip/subsystem/gpio/gpio.o
 .text.gpio_4B_0_ISR
                0x20002a58        0x8 obj_iotdk_10/gnu_arcem9d/device/ip/subsystem/gpio/gpio.o
 .text.gpio_8B_3_ISR
                0x20002a60        0x8 obj_iotdk_10/gnu_arcem9d/device/ip/subsystem/gpio/gpio.o
 .text.gpio_8B_2_ISR
                0x20002a68        0x8 obj_iotdk_10/gnu_arcem9d/device/ip/subsystem/gpio/gpio.o
 .text.gpio_8B_1_ISR
                0x20002a70        0x8 obj_iotdk_10/gnu_arcem9d/device/ip/subsystem/gpio/gpio.o
 .text.gpio_8B_0_ISR
                0x20002a78        0x8 obj_iotdk_10/gnu_arcem9d/device/ip/subsystem/gpio/gpio.o
 .text.io_gpio_open
                0x20002a80       0x98 obj_iotdk_10/gnu_arcem9d/device/ip/subsystem/gpio/gpio.o
                0x20002a80                io_gpio_open
 .text.io_gpio_close
                0x20002b18       0x5c obj_iotdk_10/gnu_arcem9d/device/ip/subsystem/gpio/gpio.o
                0x20002b18                io_gpio_close
 .text.io_gpio_read
                0x20002b74       0x1c obj_iotdk_10/gnu_arcem9d/device/ip/subsystem/gpio/gpio.o
                0x20002b74                io_gpio_read
 .text.io_gpio_write
                0x20002b90       0x18 obj_iotdk_10/gnu_arcem9d/device/ip/subsystem/gpio/gpio.o
                0x20002b90                io_gpio_write
 .text.io_gpio_ioctl
                0x20002ba8       0xf0 obj_iotdk_10/gnu_arcem9d/device/ip/subsystem/gpio/gpio.o
                0x20002ba8                io_gpio_ioctl
 .text.set_dps  0x20002c98       0xa8 obj_iotdk_10/gnu_arcem9d/device/ip/subsystem/uart/ss_uart.o
 .text.ss_uart_open
                0x20002d40       0xe8 obj_iotdk_10/gnu_arcem9d/device/ip/subsystem/uart/ss_uart.o
                0x20002d40                ss_uart_open
 .text.ss_uart_close
                0x20002e28       0x34 obj_iotdk_10/gnu_arcem9d/device/ip/subsystem/uart/ss_uart.o
                0x20002e28                ss_uart_close
 .text.ss_uart_control
                0x20002e5c      0x1a0 obj_iotdk_10/gnu_arcem9d/device/ip/subsystem/uart/ss_uart.o
                0x20002e5c                ss_uart_control
 .text.ss_uart_write
                0x20002ffc       0xb8 obj_iotdk_10/gnu_arcem9d/device/ip/subsystem/uart/ss_uart.o
                0x20002ffc                ss_uart_write
 .text.ss_uart_read
                0x200030b4       0xc8 obj_iotdk_10/gnu_arcem9d/device/ip/subsystem/uart/ss_uart.o
                0x200030b4                ss_uart_read
 .text.ss_uart_tx_cb
                0x2000317c       0x24 obj_iotdk_10/gnu_arcem9d/device/ip/subsystem/uart/ss_uart.o
                0x2000317c                ss_uart_tx_cb
 .text.ss_uart_rx_cb
                0x200031a0       0x24 obj_iotdk_10/gnu_arcem9d/device/ip/subsystem/uart/ss_uart.o
                0x200031a0                ss_uart_rx_cb
 .text.ss_uart_err_cb
                0x200031c4       0x14 obj_iotdk_10/gnu_arcem9d/device/ip/subsystem/uart/ss_uart.o
                0x200031c4                ss_uart_err_cb
 .text.uart0_dmatx_ISR
                0x200031d8        0x4 obj_iotdk_10/gnu_arcem9d/device/ip/subsystem/uart/uart.o
 .text.uart_isr_proc
                0x200031dc      0x368 obj_iotdk_10/gnu_arcem9d/device/ip/subsystem/uart/uart.o
 .text.uart3_ISR
                0x20003544        0x8 obj_iotdk_10/gnu_arcem9d/device/ip/subsystem/uart/uart.o
 .text.uart2_ISR
                0x2000354c        0x8 obj_iotdk_10/gnu_arcem9d/device/ip/subsystem/uart/uart.o
 .text.uart1_ISR
                0x20003554        0x8 obj_iotdk_10/gnu_arcem9d/device/ip/subsystem/uart/uart.o
 .text.uart0_ISR
                0x2000355c        0x8 obj_iotdk_10/gnu_arcem9d/device/ip/subsystem/uart/uart.o
 .text.uart3_dmarx_ISR
                0x20003564        0x4 obj_iotdk_10/gnu_arcem9d/device/ip/subsystem/uart/uart.o
 .text.uart0_dmarx_ISR
                0x20003568        0x4 obj_iotdk_10/gnu_arcem9d/device/ip/subsystem/uart/uart.o
 .text.uart1_dmatx_ISR
                0x2000356c        0x4 obj_iotdk_10/gnu_arcem9d/device/ip/subsystem/uart/uart.o
 .text.uart1_dmarx_ISR
                0x20003570        0x4 obj_iotdk_10/gnu_arcem9d/device/ip/subsystem/uart/uart.o
 .text.uart2_dmatx_ISR
                0x20003574        0x4 obj_iotdk_10/gnu_arcem9d/device/ip/subsystem/uart/uart.o
 .text.uart2_dmarx_ISR
                0x20003578        0x4 obj_iotdk_10/gnu_arcem9d/device/ip/subsystem/uart/uart.o
 .text.uart3_dmatx_ISR
                0x2000357c        0x4 obj_iotdk_10/gnu_arcem9d/device/ip/subsystem/uart/uart.o
 .text.io_uart_open
                0x20003580       0xd8 obj_iotdk_10/gnu_arcem9d/device/ip/subsystem/uart/uart.o
                0x20003580                io_uart_open
 .text.io_uart_close
                0x20003658       0x70 obj_iotdk_10/gnu_arcem9d/device/ip/subsystem/uart/uart.o
                0x20003658                io_uart_close
 .text.io_uart_read
                0x200036c8       0x5c obj_iotdk_10/gnu_arcem9d/device/ip/subsystem/uart/uart.o
                0x200036c8                io_uart_read
 .text.io_uart_write
                0x20003724       0x88 obj_iotdk_10/gnu_arcem9d/device/ip/subsystem/uart/uart.o
                0x20003724                io_uart_write
 .text.io_uart_ioctl
                0x200037ac      0x1e8 obj_iotdk_10/gnu_arcem9d/device/ip/subsystem/uart/uart.o
                0x200037ac                io_uart_ioctl
 .text.__udivdi3
                0x20003994      0x36c c:/arc_gnu/bin/../lib/gcc/arc-elf32/9.3.1/em4_fpuda\libgcc.a(_udivdi3.o)
                0x20003994                __udivdi3
                0x20003d00                _e_text = .

.rodata         0x20003d00      0xecc
                0x20003d00                _f_rodata = .
                0x20003d00                . = ALIGN (0x4)
                0x20003d00                __CTOR_LIST__ = .
                0x20003d00        0x4 LONG 0x0 (((__CTOR_END__ - __CTOR_LIST__) / 0x4) - 0x2)
 *(SORT_BY_NAME(.ctors*))
                0x20003d04        0x4 LONG 0x0
                0x20003d08                __CTOR_END__ = .
                0x20003d08                . = ALIGN (0x4)
                0x20003d08                __init_array_start = .
 *(SORT_BY_NAME(.init_array*))
                0x20003d08                __init_array_end = .
                0x20003d08                . = ALIGN (0x4)
                0x20003d08                __DTOR_LIST__ = .
                0x20003d08        0x4 LONG 0x0 (((__DTOR_END__ - __DTOR_LIST__) / 0x4) - 0x2)
 *(SORT_BY_NAME(.dtors*))
                0x20003d0c        0x4 LONG 0x0
                0x20003d10                __DTOR_END__ = .
 *(.rodata .rodata.* .gnu.linkonce.r.*)
 .rodata.str1.4
                0x20003d10        0x5 obj_iotdk_10/gnu_arcem9d/board/board.o
                                  0x8 (size before relaxing)
 *fill*         0x20003d15        0x3 
 .rodata.CSWTCH.52
                0x20003d18       0x1c obj_iotdk_10/gnu_arcem9d/board/iotdk/drivers/ip/subsystem/gpio/dfss_gpio_obj.o
 .rodata.ss_gpio_control
                0x20003d34       0x28 obj_iotdk_10/gnu_arcem9d/device/ip/subsystem/gpio/ss_gpio.o
 .rodata.pll_configuration
                0x20003d5c       0x58 obj_iotdk_10/gnu_arcem9d/board/iotdk/drivers/sysconf/sysconf.o
 .rodata.xprintf_setup.str1.4
                0x20003db4      0x320 obj_iotdk_10/gnu_arcem9d/middleware/common/console_io.o
 .rodata.xvprintf
                0x200040d4       0x5c obj_iotdk_10/gnu_arcem9d/middleware/common/xprintf/xprintf.o
 .rodata.int_handler_default.str1.4
                0x20004130       0x3c obj_iotdk_10/gnu_arcem9d/arc/arc_exception.o
 .rodata.dump_protv_access_err.str1.4
                0x2000416c       0x7a obj_iotdk_10/gnu_arcem9d/arc/arc_exception.o
                                 0x7c (size before relaxing)
 *fill*         0x200041e6        0x2 
 .rodata.dump_protv_access_err
                0x200041e8       0x90 obj_iotdk_10/gnu_arcem9d/arc/arc_exception.o
 .rodata.exc_handler_default.str1.4
                0x20004278      0x5dc obj_iotdk_10/gnu_arcem9d/arc/arc_exception.o
                                0x5e0 (size before relaxing)
 .rodata.exc_handler_default
                0x20004854      0x1a8 obj_iotdk_10/gnu_arcem9d/arc/arc_exception.o
 .rodata.CSWTCH.39
                0x200049fc       0x10 obj_iotdk_10/gnu_arcem9d/board/iotdk/drivers/ip/subsystem/uart/dfss_uart_obj.o
 .rodata.io_gpio_ioctl
                0x20004a0c       0xc0 obj_iotdk_10/gnu_arcem9d/device/ip/subsystem/gpio/gpio.o
 .rodata.ss_uart_control
                0x20004acc       0x48 obj_iotdk_10/gnu_arcem9d/device/ip/subsystem/uart/ss_uart.o
 .rodata.uart_isr_proc
                0x20004b14       0x20 obj_iotdk_10/gnu_arcem9d/device/ip/subsystem/uart/uart.o
 .rodata.io_uart_ioctl
                0x20004b34       0x98 obj_iotdk_10/gnu_arcem9d/device/ip/subsystem/uart/uart.o
                0x20004bcc                _e_rodata = .

.data           0x80000000      0x568 load address 0x20004bcc
                0x80000000                _f_data = .
 *(.data .data.* .gnu.linkonce.d.*)
 .data.s_main_args
                0x80000000        0x8 obj_iotdk_10/gnu_arcem9d/board/board.o
                0x80000000                s_main_args
 .data.gpio_context6
                0x80000008       0x20 obj_iotdk_10/gnu_arcem9d/board/iotdk/drivers/ip/subsystem/gpio/dfss_gpio_obj.o
 .data.gpio_context5
                0x80000028       0x20 obj_iotdk_10/gnu_arcem9d/board/iotdk/drivers/ip/subsystem/gpio/dfss_gpio_obj.o
 .data.gpio_context4
                0x80000048       0x20 obj_iotdk_10/gnu_arcem9d/board/iotdk/drivers/ip/subsystem/gpio/dfss_gpio_obj.o
 .data.gpio_context3
                0x80000068       0x20 obj_iotdk_10/gnu_arcem9d/board/iotdk/drivers/ip/subsystem/gpio/dfss_gpio_obj.o
 .data.gpio_context2
                0x80000088       0x20 obj_iotdk_10/gnu_arcem9d/board/iotdk/drivers/ip/subsystem/gpio/dfss_gpio_obj.o
 .data.gpio_context1
                0x800000a8       0x20 obj_iotdk_10/gnu_arcem9d/board/iotdk/drivers/ip/subsystem/gpio/dfss_gpio_obj.o
 .data.gpio_context0
                0x800000c8       0x20 obj_iotdk_10/gnu_arcem9d/board/iotdk/drivers/ip/subsystem/gpio/dfss_gpio_obj.o
 .data.sysconf_reg_ptr
                0x800000e8        0x4 obj_iotdk_10/gnu_arcem9d/board/iotdk/drivers/sysconf/sysconf.o
                0x800000e8                sysconf_reg_ptr
 .data.exc_int_handler_table
                0x800000ec      0x1bc obj_iotdk_10/gnu_arcem9d/arc/arc_exception.o
                0x800000ec                exc_int_handler_table
 .data.gl_count
                0x800002a8        0x4 obj_iotdk_10/gnu_arcem9d/arc/arc_timer.o
                0x800002a8                gl_count
 .data.gl_loops_per_jiffy
                0x800002ac        0x8 obj_iotdk_10/gnu_arcem9d/arc/arc_timer.o
                0x800002ac                gl_loops_per_jiffy
 .data.uart_context3
                0x800002b4       0x1c obj_iotdk_10/gnu_arcem9d/board/iotdk/drivers/ip/subsystem/uart/dfss_uart_obj.o
 .data.uart_context2
                0x800002d0       0x1c obj_iotdk_10/gnu_arcem9d/board/iotdk/drivers/ip/subsystem/uart/dfss_uart_obj.o
 .data.uart_context1
                0x800002ec       0x1c obj_iotdk_10/gnu_arcem9d/board/iotdk/drivers/ip/subsystem/uart/dfss_uart_obj.o
 .data.uart_context0
                0x80000308       0x1c obj_iotdk_10/gnu_arcem9d/board/iotdk/drivers/ip/subsystem/uart/dfss_uart_obj.o
 .data.gpio_devs
                0x80000324       0xa0 obj_iotdk_10/gnu_arcem9d/device/ip/subsystem/gpio/gpio.o
 .data.uart_devs
                0x800003c4      0x1a4 obj_iotdk_10/gnu_arcem9d/device/ip/subsystem/uart/uart.o
                0x80000568                _f_sdata = .
                0x80000568                __SDATA_BEGIN__ = .
 *(.sdata .sdata.* .gnu.linkonce.s.*)
                [!provide]                PROVIDE (__sbss_start = .)
                [!provide]                PROVIDE (___sbss_start = .)
                0x80000568                _f_sbss = .
 *(.dynsbss)
 *(.sbss .sbss.* .gnu.linkonce.sb.*)
 *(.scommon)
                0x80000568                _e_sbss = .
                [!provide]                PROVIDE (__sbss_end = .)
                [!provide]                PROVIDE (___sbss_end = .)
                0x80000568                _e_sdata = .
                0x80000568                _e_data = .

.bss            0x80000568      0x3d8 load address 0x20005138
                0x80000568                _f_bss = .
 *(.dynbss)
 *(.bss .bss.* .gnu.linkonce.b.*)
 .bss.install_flag.2037
                0x80000568        0x4 obj_iotdk_10/gnu_arcem9d/board/iotdk/drivers/ip/subsystem/gpio/dfss_gpio_obj.o
 .bss.gpio_int_handlers6
                0x8000056c       0x10 obj_iotdk_10/gnu_arcem9d/board/iotdk/drivers/ip/subsystem/gpio/dfss_gpio_obj.o
 .bss.gpio_6    0x8000057c       0x2c obj_iotdk_10/gnu_arcem9d/board/iotdk/drivers/ip/subsystem/gpio/dfss_gpio_obj.o
 .bss.gpio_int_handlers5
                0x800005a8       0x10 obj_iotdk_10/gnu_arcem9d/board/iotdk/drivers/ip/subsystem/gpio/dfss_gpio_obj.o
 .bss.gpio_5    0x800005b8       0x2c obj_iotdk_10/gnu_arcem9d/board/iotdk/drivers/ip/subsystem/gpio/dfss_gpio_obj.o
 .bss.gpio_int_handlers4
                0x800005e4       0x10 obj_iotdk_10/gnu_arcem9d/board/iotdk/drivers/ip/subsystem/gpio/dfss_gpio_obj.o
 .bss.gpio_4    0x800005f4       0x2c obj_iotdk_10/gnu_arcem9d/board/iotdk/drivers/ip/subsystem/gpio/dfss_gpio_obj.o
 .bss.gpio_int_handlers3
                0x80000620       0x20 obj_iotdk_10/gnu_arcem9d/board/iotdk/drivers/ip/subsystem/gpio/dfss_gpio_obj.o
 .bss.gpio_3    0x80000640       0x2c obj_iotdk_10/gnu_arcem9d/board/iotdk/drivers/ip/subsystem/gpio/dfss_gpio_obj.o
 .bss.gpio_int_handlers2
                0x8000066c       0x20 obj_iotdk_10/gnu_arcem9d/board/iotdk/drivers/ip/subsystem/gpio/dfss_gpio_obj.o
 .bss.gpio_2    0x8000068c       0x2c obj_iotdk_10/gnu_arcem9d/board/iotdk/drivers/ip/subsystem/gpio/dfss_gpio_obj.o
 .bss.gpio_int_handlers1
                0x800006b8       0x20 obj_iotdk_10/gnu_arcem9d/board/iotdk/drivers/ip/subsystem/gpio/dfss_gpio_obj.o
 .bss.gpio_1    0x800006d8       0x2c obj_iotdk_10/gnu_arcem9d/board/iotdk/drivers/ip/subsystem/gpio/dfss_gpio_obj.o
 .bss.gpio_int_handlers0
                0x80000704       0x20 obj_iotdk_10/gnu_arcem9d/board/iotdk/drivers/ip/subsystem/gpio/dfss_gpio_obj.o
 .bss.gpio_0    0x80000724       0x2c obj_iotdk_10/gnu_arcem9d/board/iotdk/drivers/ip/subsystem/gpio/dfss_gpio_obj.o
 .bss.sys_ms_update.2897
                0x80000750        0x4 obj_iotdk_10/gnu_arcem9d/board/iotdk/common/iotdk_timer.o
 .bss.sys_hz_update.2896
                0x80000754        0x4 obj_iotdk_10/gnu_arcem9d/board/iotdk/common/iotdk_timer.o
 .bss.gl_iotdk_ms_cnt
                0x80000758        0x4 obj_iotdk_10/gnu_arcem9d/board/iotdk/common/iotdk_timer.o
                0x80000758                gl_iotdk_ms_cnt
 .bss.gl_iotdk_sys_hz_cnt
                0x8000075c        0x8 obj_iotdk_10/gnu_arcem9d/board/iotdk/common/iotdk_timer.o
                0x8000075c                gl_iotdk_sys_hz_cnt
 .bss.console_uart
                0x80000764        0x4 obj_iotdk_10/gnu_arcem9d/middleware/common/console_io.o
 .bss.xprintf_setup_flag
                0x80000768        0x4 obj_iotdk_10/gnu_arcem9d/middleware/common/console_io.o
 .bss.outptr    0x8000076c        0x4 obj_iotdk_10/gnu_arcem9d/middleware/common/xprintf/xprintf.o
 .bss.dcache_config
                0x80000770        0x8 obj_iotdk_10/gnu_arcem9d/arc/arc_cache.o
 .bss.icache_config
                0x80000778        0x8 obj_iotdk_10/gnu_arcem9d/arc/arc_cache.o
 .bss.install_flag.1932
                0x80000780        0x4 obj_iotdk_10/gnu_arcem9d/board/iotdk/drivers/ip/subsystem/uart/dfss_uart_obj.o
 .bss.dfss_uart_3
                0x80000784       0x5c obj_iotdk_10/gnu_arcem9d/board/iotdk/drivers/ip/subsystem/uart/dfss_uart_obj.o
 .bss.dfss_uart_2
                0x800007e0       0x5c obj_iotdk_10/gnu_arcem9d/board/iotdk/drivers/ip/subsystem/uart/dfss_uart_obj.o
 .bss.dfss_uart_1
                0x8000083c       0x5c obj_iotdk_10/gnu_arcem9d/board/iotdk/drivers/ip/subsystem/uart/dfss_uart_obj.o
 .bss.dfss_uart_0
                0x80000898       0x5c obj_iotdk_10/gnu_arcem9d/board/iotdk/drivers/ip/subsystem/uart/dfss_uart_obj.o
 .bss.gpio_handles
                0x800008f4       0x30 obj_iotdk_10/gnu_arcem9d/device/ip/subsystem/gpio/gpio.o
 .bss.uart_handles
                0x80000924       0x10 obj_iotdk_10/gnu_arcem9d/device/ip/subsystem/uart/uart.o
 *(COMMON)
 COMMON         0x80000934        0x8 obj_iotdk_10/gnu_arcem9d/middleware/common/xprintf/xprintf.o
                0x80000934                xfunc_in
                0x80000938                xfunc_out
 COMMON         0x8000093c        0x4 obj_iotdk_10/gnu_arcem9d/arc/arc_exception.o
                0x8000093c                exc_nest_count
                0x80000940                _e_bss = .

.stack          0x80000940      0x800 load address 0x20005134
                0x80000940                . = ALIGN (0x4)
                0x80000940                _f_stack = .
                0x80001140                . = (. + 0x800)
 *fill*         0x80000940      0x800 
                0x80001140                _e_stack = .

.heap           0x80001140     0x2000 load address 0x20005134
                0x80001140                . = ALIGN (0x4)
                0x80001140                __start_heap = .
                0x80001140                _f_heap = .
                0x80003140                . = (. + 0x2000)
 *fill*         0x80001140     0x2000 
                0x80003140                _e_heap = .
                0x80003140                __end_heap = .
                0x20000800                _load_addr_text = LOADADDR (.text)
                0x20003d00                _load_addr_rodata = LOADADDR (.rodata)
                0x20004bcc                _load_addr_data = LOADADDR (.data)
LOAD obj_iotdk_10/gnu_arcem9d/application/./main.o
LOAD obj_iotdk_10/gnu_arcem9d/board/board.o
LOAD obj_iotdk_10/gnu_arcem9d/arc/startup/arc_cxx_support.o
LOAD obj_iotdk_10/gnu_arcem9d/arc/startup/arc_startup.o
START GROUP
LOAD obj_iotdk_10/gnu_arcem9d/libembarc.a
LOAD c:/arc_gnu/bin/../lib/gcc/arc-elf32/9.3.1/../../../../arc-elf32/lib/em4_fpuda\libm.a
LOAD c:/arc_gnu/bin/../lib/gcc/arc-elf32/9.3.1/../../../../arc-elf32/lib/em4_fpuda\libc.a
LOAD c:/arc_gnu/bin/../lib/gcc/arc-elf32/9.3.1/em4_fpuda\libgcc.a
END GROUP
START GROUP
LOAD c:/arc_gnu/bin/../lib/gcc/arc-elf32/9.3.1/em4_fpuda\libgcc.a
LOAD c:/arc_gnu/bin/../lib/gcc/arc-elf32/9.3.1/../../../../arc-elf32/lib/em4_fpuda\libc.a
LOAD c:/arc_gnu/bin/../lib/gcc/arc-elf32/9.3.1/../../../../arc-elf32/lib/em4_fpuda\libnosys.a
END GROUP
OUTPUT(obj_iotdk_10/gnu_arcem9d/blinky_gnu_arcem9d.elf elf32-littlearc)

.debug_info     0x00000000     0xea4e
 .debug_info    0x00000000      0xffd obj_iotdk_10/gnu_arcem9d/application/./main.o
 .debug_info    0x00000ffd      0xf92 obj_iotdk_10/gnu_arcem9d/board/board.o
 .debug_info    0x00001f8f      0x1fe obj_iotdk_10/gnu_arcem9d/arc/startup/arc_cxx_support.o
 .debug_info    0x0000218d       0x26 obj_iotdk_10/gnu_arcem9d/arc/startup/arc_startup.o
 .debug_info    0x000021b3     0x15e3 obj_iotdk_10/gnu_arcem9d/board/iotdk/drivers/ip/subsystem/gpio/dfss_gpio_obj.o
 .debug_info    0x00003796      0x803 obj_iotdk_10/gnu_arcem9d/device/ip/subsystem/gpio/ss_gpio.o
 .debug_info    0x00003f99      0x674 obj_iotdk_10/gnu_arcem9d/board/iotdk/common/iotdk_init.o
 .debug_info    0x0000460d      0x86b obj_iotdk_10/gnu_arcem9d/board/iotdk/common/iotdk_timer.o
 .debug_info    0x00004e78      0xaaa obj_iotdk_10/gnu_arcem9d/board/iotdk/drivers/mux/mux.o
 .debug_info    0x00005922      0x851 obj_iotdk_10/gnu_arcem9d/board/iotdk/drivers/sysconf/sysconf.o
 .debug_info    0x00006173     0x1259 obj_iotdk_10/gnu_arcem9d/middleware/common/console_io.o
 .debug_info    0x000073cc      0x8bc obj_iotdk_10/gnu_arcem9d/middleware/common/xprintf/xprintf.o
 .debug_info    0x00007c88      0x91e obj_iotdk_10/gnu_arcem9d/arc/arc_cache.o
 .debug_info    0x000085a6     0x1703 obj_iotdk_10/gnu_arcem9d/arc/arc_exception.o
 .debug_info    0x00009ca9      0x5a3 obj_iotdk_10/gnu_arcem9d/arc/arc_timer.o
 .debug_info    0x0000a24c       0x26 obj_iotdk_10/gnu_arcem9d/arc/arc_exc_asm.o
 .debug_info    0x0000a272      0x9d2 obj_iotdk_10/gnu_arcem9d/library/clib/embarc_misc.o
 .debug_info    0x0000ac44     0x1161 obj_iotdk_10/gnu_arcem9d/board/iotdk/drivers/ip/subsystem/uart/dfss_uart_obj.o
 .debug_info    0x0000bda5      0xe14 obj_iotdk_10/gnu_arcem9d/device/ip/subsystem/gpio/gpio.o
 .debug_info    0x0000cbb9      0xe66 obj_iotdk_10/gnu_arcem9d/device/ip/subsystem/uart/ss_uart.o
 .debug_info    0x0000da1f     0x102f obj_iotdk_10/gnu_arcem9d/device/ip/subsystem/uart/uart.o

.debug_abbrev   0x00000000     0x372b
 .debug_abbrev  0x00000000      0x29b obj_iotdk_10/gnu_arcem9d/application/./main.o
 .debug_abbrev  0x0000029b      0x35b obj_iotdk_10/gnu_arcem9d/board/board.o
 .debug_abbrev  0x000005f6      0x172 obj_iotdk_10/gnu_arcem9d/arc/startup/arc_cxx_support.o
 .debug_abbrev  0x00000768       0x14 obj_iotdk_10/gnu_arcem9d/arc/startup/arc_startup.o
 .debug_abbrev  0x0000077c      0x2b8 obj_iotdk_10/gnu_arcem9d/board/iotdk/drivers/ip/subsystem/gpio/dfss_gpio_obj.o
 .debug_abbrev  0x00000a34      0x23e obj_iotdk_10/gnu_arcem9d/device/ip/subsystem/gpio/ss_gpio.o
 .debug_abbrev  0x00000c72      0x1fb obj_iotdk_10/gnu_arcem9d/board/iotdk/common/iotdk_init.o
 .debug_abbrev  0x00000e6d      0x349 obj_iotdk_10/gnu_arcem9d/board/iotdk/common/iotdk_timer.o
 .debug_abbrev  0x000011b6      0x32e obj_iotdk_10/gnu_arcem9d/board/iotdk/drivers/mux/mux.o
 .debug_abbrev  0x000014e4      0x2d8 obj_iotdk_10/gnu_arcem9d/board/iotdk/drivers/sysconf/sysconf.o
 .debug_abbrev  0x000017bc      0x37b obj_iotdk_10/gnu_arcem9d/middleware/common/console_io.o
 .debug_abbrev  0x00001b37      0x2f9 obj_iotdk_10/gnu_arcem9d/middleware/common/xprintf/xprintf.o
 .debug_abbrev  0x00001e30      0x2d9 obj_iotdk_10/gnu_arcem9d/arc/arc_cache.o
 .debug_abbrev  0x00002109      0x43e obj_iotdk_10/gnu_arcem9d/arc/arc_exception.o
 .debug_abbrev  0x00002547      0x2de obj_iotdk_10/gnu_arcem9d/arc/arc_timer.o
 .debug_abbrev  0x00002825       0x14 obj_iotdk_10/gnu_arcem9d/arc/arc_exc_asm.o
 .debug_abbrev  0x00002839      0x1cf obj_iotdk_10/gnu_arcem9d/library/clib/embarc_misc.o
 .debug_abbrev  0x00002a08      0x2f0 obj_iotdk_10/gnu_arcem9d/board/iotdk/drivers/ip/subsystem/uart/dfss_uart_obj.o
 .debug_abbrev  0x00002cf8      0x2fa obj_iotdk_10/gnu_arcem9d/device/ip/subsystem/gpio/gpio.o
 .debug_abbrev  0x00002ff2      0x3cb obj_iotdk_10/gnu_arcem9d/device/ip/subsystem/uart/ss_uart.o
 .debug_abbrev  0x000033bd      0x36e obj_iotdk_10/gnu_arcem9d/device/ip/subsystem/uart/uart.o

.debug_loc      0x00000000     0x7408
 .debug_loc     0x00000000       0x22 obj_iotdk_10/gnu_arcem9d/application/./main.o
 .debug_loc     0x00000022       0x40 obj_iotdk_10/gnu_arcem9d/board/board.o
 .debug_loc     0x00000062       0xa3 obj_iotdk_10/gnu_arcem9d/arc/startup/arc_cxx_support.o
 .debug_loc     0x00000105      0xb3c obj_iotdk_10/gnu_arcem9d/board/iotdk/drivers/ip/subsystem/gpio/dfss_gpio_obj.o
 .debug_loc     0x00000c41      0x9e8 obj_iotdk_10/gnu_arcem9d/device/ip/subsystem/gpio/ss_gpio.o
 .debug_loc     0x00001629      0x14d obj_iotdk_10/gnu_arcem9d/board/iotdk/common/iotdk_timer.o
 .debug_loc     0x00001776      0xa31 obj_iotdk_10/gnu_arcem9d/board/iotdk/drivers/mux/mux.o
 .debug_loc     0x000021a7      0x306 obj_iotdk_10/gnu_arcem9d/board/iotdk/drivers/sysconf/sysconf.o
 .debug_loc     0x000024ad       0xdf obj_iotdk_10/gnu_arcem9d/middleware/common/console_io.o
 .debug_loc     0x0000258c     0x1198 obj_iotdk_10/gnu_arcem9d/middleware/common/xprintf/xprintf.o
 .debug_loc     0x00003724      0x56a obj_iotdk_10/gnu_arcem9d/arc/arc_cache.o
 .debug_loc     0x00003c8e      0xd7e obj_iotdk_10/gnu_arcem9d/arc/arc_exception.o
 .debug_loc     0x00004a0c      0x5b6 obj_iotdk_10/gnu_arcem9d/arc/arc_timer.o
 .debug_loc     0x00004fc2      0x81c obj_iotdk_10/gnu_arcem9d/board/iotdk/drivers/ip/subsystem/uart/dfss_uart_obj.o
 .debug_loc     0x000057de      0x439 obj_iotdk_10/gnu_arcem9d/device/ip/subsystem/gpio/gpio.o
 .debug_loc     0x00005c17      0xfa7 obj_iotdk_10/gnu_arcem9d/device/ip/subsystem/uart/ss_uart.o
 .debug_loc     0x00006bbe      0x84a obj_iotdk_10/gnu_arcem9d/device/ip/subsystem/uart/uart.o

.debug_aranges  0x00000000      0x920
 .debug_aranges
                0x00000000       0x20 obj_iotdk_10/gnu_arcem9d/application/./main.o
 .debug_aranges
                0x00000020       0x20 obj_iotdk_10/gnu_arcem9d/board/board.o
 .debug_aranges
                0x00000040       0x40 obj_iotdk_10/gnu_arcem9d/arc/startup/arc_cxx_support.o
 .debug_aranges
                0x00000080       0x20 obj_iotdk_10/gnu_arcem9d/arc/startup/arc_startup.o
 .debug_aranges
                0x000000a0      0x178 obj_iotdk_10/gnu_arcem9d/board/iotdk/drivers/ip/subsystem/gpio/dfss_gpio_obj.o
 .debug_aranges
                0x00000218       0x48 obj_iotdk_10/gnu_arcem9d/device/ip/subsystem/gpio/ss_gpio.o
 .debug_aranges
                0x00000260       0x20 obj_iotdk_10/gnu_arcem9d/board/iotdk/common/iotdk_init.o
 .debug_aranges
                0x00000280       0x48 obj_iotdk_10/gnu_arcem9d/board/iotdk/common/iotdk_timer.o
 .debug_aranges
                0x000002c8       0x50 obj_iotdk_10/gnu_arcem9d/board/iotdk/drivers/mux/mux.o
 .debug_aranges
                0x00000318       0xe0 obj_iotdk_10/gnu_arcem9d/board/iotdk/drivers/sysconf/sysconf.o
 .debug_aranges
                0x000003f8       0x40 obj_iotdk_10/gnu_arcem9d/middleware/common/console_io.o
 .debug_aranges
                0x00000438       0x78 obj_iotdk_10/gnu_arcem9d/middleware/common/xprintf/xprintf.o
 .debug_aranges
                0x000004b0       0x78 obj_iotdk_10/gnu_arcem9d/arc/arc_cache.o
 .debug_aranges
                0x00000528       0xe0 obj_iotdk_10/gnu_arcem9d/arc/arc_exception.o
 .debug_aranges
                0x00000608       0x60 obj_iotdk_10/gnu_arcem9d/arc/arc_timer.o
 .debug_aranges
                0x00000668       0x20 obj_iotdk_10/gnu_arcem9d/arc/arc_exc_asm.o
 .debug_aranges
                0x00000688       0x20 obj_iotdk_10/gnu_arcem9d/library/clib/embarc_misc.o
 .debug_aranges
                0x000006a8      0x128 obj_iotdk_10/gnu_arcem9d/board/iotdk/drivers/ip/subsystem/uart/dfss_uart_obj.o
 .debug_aranges
                0x000007d0       0x80 obj_iotdk_10/gnu_arcem9d/device/ip/subsystem/gpio/gpio.o
 .debug_aranges
                0x00000850       0x60 obj_iotdk_10/gnu_arcem9d/device/ip/subsystem/uart/ss_uart.o
 .debug_aranges
                0x000008b0       0x70 obj_iotdk_10/gnu_arcem9d/device/ip/subsystem/uart/uart.o

.debug_ranges   0x00000000      0xc68
 .debug_ranges  0x00000000       0x10 obj_iotdk_10/gnu_arcem9d/application/./main.o
 .debug_ranges  0x00000010       0x10 obj_iotdk_10/gnu_arcem9d/board/board.o
 .debug_ranges  0x00000020       0x30 obj_iotdk_10/gnu_arcem9d/arc/startup/arc_cxx_support.o
 .debug_ranges  0x00000050      0x270 obj_iotdk_10/gnu_arcem9d/board/iotdk/drivers/ip/subsystem/gpio/dfss_gpio_obj.o
 .debug_ranges  0x000002c0       0x38 obj_iotdk_10/gnu_arcem9d/device/ip/subsystem/gpio/ss_gpio.o
 .debug_ranges  0x000002f8       0x10 obj_iotdk_10/gnu_arcem9d/board/iotdk/common/iotdk_init.o
 .debug_ranges  0x00000308       0x80 obj_iotdk_10/gnu_arcem9d/board/iotdk/common/iotdk_timer.o
 .debug_ranges  0x00000388       0xd0 obj_iotdk_10/gnu_arcem9d/board/iotdk/drivers/mux/mux.o
 .debug_ranges  0x00000458       0xe8 obj_iotdk_10/gnu_arcem9d/board/iotdk/drivers/sysconf/sysconf.o
 .debug_ranges  0x00000540       0x48 obj_iotdk_10/gnu_arcem9d/middleware/common/console_io.o
 .debug_ranges  0x00000588       0x98 obj_iotdk_10/gnu_arcem9d/middleware/common/xprintf/xprintf.o
 .debug_ranges  0x00000620       0x80 obj_iotdk_10/gnu_arcem9d/arc/arc_cache.o
 .debug_ranges  0x000006a0      0x238 obj_iotdk_10/gnu_arcem9d/arc/arc_exception.o
 .debug_ranges  0x000008d8       0x68 obj_iotdk_10/gnu_arcem9d/arc/arc_timer.o
 .debug_ranges  0x00000940       0x10 obj_iotdk_10/gnu_arcem9d/library/clib/embarc_misc.o
 .debug_ranges  0x00000950      0x198 obj_iotdk_10/gnu_arcem9d/board/iotdk/drivers/ip/subsystem/uart/dfss_uart_obj.o
 .debug_ranges  0x00000ae8       0x70 obj_iotdk_10/gnu_arcem9d/device/ip/subsystem/gpio/gpio.o
 .debug_ranges  0x00000b58       0xb0 obj_iotdk_10/gnu_arcem9d/device/ip/subsystem/uart/ss_uart.o
 .debug_ranges  0x00000c08       0x60 obj_iotdk_10/gnu_arcem9d/device/ip/subsystem/uart/uart.o

.debug_line     0x00000000     0x68ad
 .debug_line    0x00000000      0x268 obj_iotdk_10/gnu_arcem9d/application/./main.o
 .debug_line    0x00000268      0x2ad obj_iotdk_10/gnu_arcem9d/board/board.o
 .debug_line    0x00000515      0x13f obj_iotdk_10/gnu_arcem9d/arc/startup/arc_cxx_support.o
 .debug_line    0x00000654       0xc3 obj_iotdk_10/gnu_arcem9d/arc/startup/arc_startup.o
 .debug_line    0x00000717      0x903 obj_iotdk_10/gnu_arcem9d/board/iotdk/drivers/ip/subsystem/gpio/dfss_gpio_obj.o
 .debug_line    0x0000101a      0x4cf obj_iotdk_10/gnu_arcem9d/device/ip/subsystem/gpio/ss_gpio.o
 .debug_line    0x000014e9      0x1c8 obj_iotdk_10/gnu_arcem9d/board/iotdk/common/iotdk_init.o
 .debug_line    0x000016b1      0x374 obj_iotdk_10/gnu_arcem9d/board/iotdk/common/iotdk_timer.o
 .debug_line    0x00001a25      0x5a8 obj_iotdk_10/gnu_arcem9d/board/iotdk/drivers/mux/mux.o
 .debug_line    0x00001fcd      0x7c1 obj_iotdk_10/gnu_arcem9d/board/iotdk/drivers/sysconf/sysconf.o
 .debug_line    0x0000278e      0x33d obj_iotdk_10/gnu_arcem9d/middleware/common/console_io.o
 .debug_line    0x00002acb      0x9e2 obj_iotdk_10/gnu_arcem9d/middleware/common/xprintf/xprintf.o
 .debug_line    0x000034ad      0x7ab obj_iotdk_10/gnu_arcem9d/arc/arc_cache.o
 .debug_line    0x00003c58      0x9fb obj_iotdk_10/gnu_arcem9d/arc/arc_exception.o
 .debug_line    0x00004653      0x44c obj_iotdk_10/gnu_arcem9d/arc/arc_timer.o
 .debug_line    0x00004a9f       0xa5 obj_iotdk_10/gnu_arcem9d/arc/arc_exc_asm.o
 .debug_line    0x00004b44      0x162 obj_iotdk_10/gnu_arcem9d/library/clib/embarc_misc.o
 .debug_line    0x00004ca6      0x6a7 obj_iotdk_10/gnu_arcem9d/board/iotdk/drivers/ip/subsystem/uart/dfss_uart_obj.o
 .debug_line    0x0000534d      0x40c obj_iotdk_10/gnu_arcem9d/device/ip/subsystem/gpio/gpio.o
 .debug_line    0x00005759      0x836 obj_iotdk_10/gnu_arcem9d/device/ip/subsystem/uart/ss_uart.o
 .debug_line    0x00005f8f      0x91e obj_iotdk_10/gnu_arcem9d/device/ip/subsystem/uart/uart.o

.debug_str      0x00000000     0x292b
 .debug_str     0x00000000      0x9a6 obj_iotdk_10/gnu_arcem9d/application/./main.o
                                0xa9f (size before relaxing)
 .debug_str     0x000009a6       0xd7 obj_iotdk_10/gnu_arcem9d/board/board.o
                                0xa65 (size before relaxing)
 .debug_str     0x00000a7d      0x12a obj_iotdk_10/gnu_arcem9d/arc/startup/arc_cxx_support.o
                                0x241 (size before relaxing)
 .debug_str     0x00000ba7       0x1d obj_iotdk_10/gnu_arcem9d/arc/startup/arc_startup.o
                                 0x50 (size before relaxing)
 .debug_str     0x00000bc4      0x5d1 obj_iotdk_10/gnu_arcem9d/board/iotdk/drivers/ip/subsystem/gpio/dfss_gpio_obj.o
                                0x8d0 (size before relaxing)
 .debug_str     0x00001195       0xc5 obj_iotdk_10/gnu_arcem9d/device/ip/subsystem/gpio/ss_gpio.o
                                0x490 (size before relaxing)
 .debug_str     0x0000125a      0x142 obj_iotdk_10/gnu_arcem9d/board/iotdk/common/iotdk_init.o
                                0x6fd (size before relaxing)
 .debug_str     0x0000139c      0x12c obj_iotdk_10/gnu_arcem9d/board/iotdk/common/iotdk_timer.o
                                0x711 (size before relaxing)
 .debug_str     0x000014c8      0x280 obj_iotdk_10/gnu_arcem9d/board/iotdk/drivers/mux/mux.o
                                0x91e (size before relaxing)
 .debug_str     0x00001748      0x1f0 obj_iotdk_10/gnu_arcem9d/board/iotdk/drivers/sysconf/sysconf.o
                                0x58a (size before relaxing)
 .debug_str     0x00001938      0x14f obj_iotdk_10/gnu_arcem9d/middleware/common/console_io.o
                                0xba1 (size before relaxing)
 .debug_str     0x00001a87       0x9f obj_iotdk_10/gnu_arcem9d/middleware/common/xprintf/xprintf.o
                                0x225 (size before relaxing)
 .debug_str     0x00001b26      0x21a obj_iotdk_10/gnu_arcem9d/arc/arc_cache.o
                                0x457 (size before relaxing)
 .debug_str     0x00001d40      0x34e obj_iotdk_10/gnu_arcem9d/arc/arc_exception.o
                                0x696 (size before relaxing)
 .debug_str     0x0000208e       0x80 obj_iotdk_10/gnu_arcem9d/arc/arc_timer.o
                                0x31f (size before relaxing)
 .debug_str     0x0000210e        0xe obj_iotdk_10/gnu_arcem9d/arc/arc_exc_asm.o
                                 0x50 (size before relaxing)
 .debug_str     0x0000211c       0x1f obj_iotdk_10/gnu_arcem9d/library/clib/embarc_misc.o
                                0x618 (size before relaxing)
 .debug_str     0x0000213b      0x3dc obj_iotdk_10/gnu_arcem9d/board/iotdk/drivers/ip/subsystem/uart/dfss_uart_obj.o
                                0x859 (size before relaxing)
 .debug_str     0x00002517       0xfc obj_iotdk_10/gnu_arcem9d/device/ip/subsystem/gpio/gpio.o
                                0x76e (size before relaxing)
 .debug_str     0x00002613      0x102 obj_iotdk_10/gnu_arcem9d/device/ip/subsystem/uart/ss_uart.o
                                0x644 (size before relaxing)
 .debug_str     0x00002715      0x216 obj_iotdk_10/gnu_arcem9d/device/ip/subsystem/uart/uart.o
                                0x8b1 (size before relaxing)

.comment        0x00000000       0x42
 .comment       0x00000000       0x42 obj_iotdk_10/gnu_arcem9d/application/./main.o
                                 0x43 (size before relaxing)
 .comment       0x00000042       0x43 obj_iotdk_10/gnu_arcem9d/board/board.o
 .comment       0x00000042       0x43 obj_iotdk_10/gnu_arcem9d/arc/startup/arc_cxx_support.o
 .comment       0x00000042       0x43 obj_iotdk_10/gnu_arcem9d/board/iotdk/drivers/ip/subsystem/gpio/dfss_gpio_obj.o
 .comment       0x00000042       0x43 obj_iotdk_10/gnu_arcem9d/device/ip/subsystem/gpio/ss_gpio.o
 .comment       0x00000042       0x43 obj_iotdk_10/gnu_arcem9d/board/iotdk/common/iotdk_init.o
 .comment       0x00000042       0x43 obj_iotdk_10/gnu_arcem9d/board/iotdk/common/iotdk_timer.o
 .comment       0x00000042       0x43 obj_iotdk_10/gnu_arcem9d/board/iotdk/drivers/mux/mux.o
 .comment       0x00000042       0x43 obj_iotdk_10/gnu_arcem9d/board/iotdk/drivers/sysconf/sysconf.o
 .comment       0x00000042       0x43 obj_iotdk_10/gnu_arcem9d/middleware/common/console_io.o
 .comment       0x00000042       0x43 obj_iotdk_10/gnu_arcem9d/middleware/common/xprintf/xprintf.o
 .comment       0x00000042       0x43 obj_iotdk_10/gnu_arcem9d/arc/arc_cache.o
 .comment       0x00000042       0x43 obj_iotdk_10/gnu_arcem9d/arc/arc_exception.o
 .comment       0x00000042       0x43 obj_iotdk_10/gnu_arcem9d/arc/arc_timer.o
 .comment       0x00000042       0x43 obj_iotdk_10/gnu_arcem9d/library/clib/embarc_misc.o
 .comment       0x00000042       0x43 obj_iotdk_10/gnu_arcem9d/board/iotdk/drivers/ip/subsystem/uart/dfss_uart_obj.o
 .comment       0x00000042       0x43 obj_iotdk_10/gnu_arcem9d/device/ip/subsystem/gpio/gpio.o
 .comment       0x00000042       0x43 obj_iotdk_10/gnu_arcem9d/device/ip/subsystem/uart/ss_uart.o
 .comment       0x00000042       0x43 obj_iotdk_10/gnu_arcem9d/device/ip/subsystem/uart/uart.o

.note.GNU-stack
                0x00000000        0x0
 .note.GNU-stack
                0x00000000        0x0 obj_iotdk_10/gnu_arcem9d/application/./main.o
 .note.GNU-stack
                0x00000000        0x0 obj_iotdk_10/gnu_arcem9d/board/board.o
 .note.GNU-stack
                0x00000000        0x0 obj_iotdk_10/gnu_arcem9d/arc/startup/arc_cxx_support.o
 .note.GNU-stack
                0x00000000        0x0 obj_iotdk_10/gnu_arcem9d/board/iotdk/drivers/ip/subsystem/gpio/dfss_gpio_obj.o
 .note.GNU-stack
                0x00000000        0x0 obj_iotdk_10/gnu_arcem9d/device/ip/subsystem/gpio/ss_gpio.o
 .note.GNU-stack
                0x00000000        0x0 obj_iotdk_10/gnu_arcem9d/board/iotdk/common/iotdk_init.o
 .note.GNU-stack
                0x00000000        0x0 obj_iotdk_10/gnu_arcem9d/board/iotdk/common/iotdk_timer.o
 .note.GNU-stack
                0x00000000        0x0 obj_iotdk_10/gnu_arcem9d/board/iotdk/drivers/mux/mux.o
 .note.GNU-stack
                0x00000000        0x0 obj_iotdk_10/gnu_arcem9d/board/iotdk/drivers/sysconf/sysconf.o
 .note.GNU-stack
                0x00000000        0x0 obj_iotdk_10/gnu_arcem9d/middleware/common/console_io.o
 .note.GNU-stack
                0x00000000        0x0 obj_iotdk_10/gnu_arcem9d/middleware/common/xprintf/xprintf.o
 .note.GNU-stack
                0x00000000        0x0 obj_iotdk_10/gnu_arcem9d/arc/arc_cache.o
 .note.GNU-stack
                0x00000000        0x0 obj_iotdk_10/gnu_arcem9d/arc/arc_exception.o
 .note.GNU-stack
                0x00000000        0x0 obj_iotdk_10/gnu_arcem9d/arc/arc_timer.o
 .note.GNU-stack
                0x00000000        0x0 obj_iotdk_10/gnu_arcem9d/library/clib/embarc_misc.o
 .note.GNU-stack
                0x00000000        0x0 obj_iotdk_10/gnu_arcem9d/board/iotdk/drivers/ip/subsystem/uart/dfss_uart_obj.o
 .note.GNU-stack
                0x00000000        0x0 obj_iotdk_10/gnu_arcem9d/device/ip/subsystem/gpio/gpio.o
 .note.GNU-stack
                0x00000000        0x0 obj_iotdk_10/gnu_arcem9d/device/ip/subsystem/uart/ss_uart.o
 .note.GNU-stack
                0x00000000        0x0 obj_iotdk_10/gnu_arcem9d/device/ip/subsystem/uart/uart.o
 .note.GNU-stack
                0x00000000        0x0 c:/arc_gnu/bin/../lib/gcc/arc-elf32/9.3.1/em4_fpuda\libgcc.a(_udivdi3.o)

.ARC.attributes
                0x00000000       0x40
 .ARC.attributes
                0x00000000       0x29 obj_iotdk_10/gnu_arcem9d/application/./main.o
 .ARC.attributes
                0x00000029       0x29 obj_iotdk_10/gnu_arcem9d/board/board.o
 .ARC.attributes
                0x00000052       0x2c obj_iotdk_10/gnu_arcem9d/arc/startup/arc_cxx_support.o
 .ARC.attributes
                0x0000007e       0x25 obj_iotdk_10/gnu_arcem9d/arc/startup/arc_startup.o
 .ARC.attributes
                0x000000a3       0x29 obj_iotdk_10/gnu_arcem9d/board/iotdk/drivers/ip/subsystem/gpio/dfss_gpio_obj.o
 .ARC.attributes
                0x000000cc       0x29 obj_iotdk_10/gnu_arcem9d/device/ip/subsystem/gpio/ss_gpio.o
 .ARC.attributes
                0x000000f5       0x29 obj_iotdk_10/gnu_arcem9d/board/iotdk/common/iotdk_init.o
 .ARC.attributes
                0x0000011e       0x33 obj_iotdk_10/gnu_arcem9d/board/iotdk/common/iotdk_timer.o
 .ARC.attributes
                0x00000151       0x29 obj_iotdk_10/gnu_arcem9d/board/iotdk/drivers/mux/mux.o
 .ARC.attributes
                0x0000017a       0x2c obj_iotdk_10/gnu_arcem9d/board/iotdk/drivers/sysconf/sysconf.o
 .ARC.attributes
                0x000001a6       0x29 obj_iotdk_10/gnu_arcem9d/middleware/common/console_io.o
 .ARC.attributes
                0x000001cf       0x33 obj_iotdk_10/gnu_arcem9d/middleware/common/xprintf/xprintf.o
 .ARC.attributes
                0x00000202       0x2c obj_iotdk_10/gnu_arcem9d/arc/arc_cache.o
 .ARC.attributes
                0x0000022e       0x2c obj_iotdk_10/gnu_arcem9d/arc/arc_exception.o
 .ARC.attributes
                0x0000025a       0x36 obj_iotdk_10/gnu_arcem9d/arc/arc_timer.o
 .ARC.attributes
                0x00000290       0x28 obj_iotdk_10/gnu_arcem9d/arc/arc_exc_asm.o
 .ARC.attributes
                0x000002b8       0x29 obj_iotdk_10/gnu_arcem9d/library/clib/embarc_misc.o
 .ARC.attributes
                0x000002e1       0x29 obj_iotdk_10/gnu_arcem9d/board/iotdk/drivers/ip/subsystem/uart/dfss_uart_obj.o
 .ARC.attributes
                0x0000030a       0x2b obj_iotdk_10/gnu_arcem9d/device/ip/subsystem/gpio/gpio.o
 .ARC.attributes
                0x00000335       0x34 obj_iotdk_10/gnu_arcem9d/device/ip/subsystem/uart/ss_uart.o
 .ARC.attributes
                0x00000369       0x2e obj_iotdk_10/gnu_arcem9d/device/ip/subsystem/uart/uart.o
 .ARC.attributes
                0x00000397       0x40 c:/arc_gnu/bin/../lib/gcc/arc-elf32/9.3.1/em4_fpuda\libgcc.a(_udivdi3.o)

.debug_frame    0x00000000     0x19b0
 .debug_frame   0x00000000       0x40 obj_iotdk_10/gnu_arcem9d/application/./main.o
 .debug_frame   0x00000040       0x28 obj_iotdk_10/gnu_arcem9d/board/board.o
 .debug_frame   0x00000068       0xbc obj_iotdk_10/gnu_arcem9d/arc/startup/arc_cxx_support.o
 .debug_frame   0x00000124      0x304 obj_iotdk_10/gnu_arcem9d/board/iotdk/drivers/ip/subsystem/gpio/dfss_gpio_obj.o
 .debug_frame   0x00000428      0x1f4 obj_iotdk_10/gnu_arcem9d/device/ip/subsystem/gpio/ss_gpio.o
 .debug_frame   0x0000061c       0x2c obj_iotdk_10/gnu_arcem9d/board/iotdk/common/iotdk_init.o
 .debug_frame   0x00000648      0x11c obj_iotdk_10/gnu_arcem9d/board/iotdk/common/iotdk_timer.o
 .debug_frame   0x00000764       0x9c obj_iotdk_10/gnu_arcem9d/board/iotdk/drivers/mux/mux.o
 .debug_frame   0x00000800      0x1bc obj_iotdk_10/gnu_arcem9d/board/iotdk/drivers/sysconf/sysconf.o
 .debug_frame   0x000009bc       0x98 obj_iotdk_10/gnu_arcem9d/middleware/common/console_io.o
 .debug_frame   0x00000a54      0x270 obj_iotdk_10/gnu_arcem9d/middleware/common/xprintf/xprintf.o
 .debug_frame   0x00000cc4      0x1bc obj_iotdk_10/gnu_arcem9d/arc/arc_cache.o
 .debug_frame   0x00000e80      0x220 obj_iotdk_10/gnu_arcem9d/arc/arc_exception.o
 .debug_frame   0x000010a0      0x130 obj_iotdk_10/gnu_arcem9d/arc/arc_timer.o
 .debug_frame   0x000011d0       0x20 obj_iotdk_10/gnu_arcem9d/library/clib/embarc_misc.o
 .debug_frame   0x000011f0      0x264 obj_iotdk_10/gnu_arcem9d/board/iotdk/drivers/ip/subsystem/uart/dfss_uart_obj.o
 .debug_frame   0x00001454      0x130 obj_iotdk_10/gnu_arcem9d/device/ip/subsystem/gpio/gpio.o
 .debug_frame   0x00001584      0x1b4 obj_iotdk_10/gnu_arcem9d/device/ip/subsystem/uart/ss_uart.o
 .debug_frame   0x00001738      0x21c obj_iotdk_10/gnu_arcem9d/device/ip/subsystem/uart/uart.o
 .debug_frame   0x00001954       0x5c c:/arc_gnu/bin/../lib/gcc/arc-elf32/9.3.1/em4_fpuda\libgcc.a(_udivdi3.o)
