Archive member included to satisfy reference by file (symbol)

obj_iotdk_10/gnu_arcem9d/board/iotdk/drivers/ip/designware/pwm_timer/dw_pwm_timer_obj.o
                              obj_iotdk_10/gnu_arcem9d/application/./main.o (pwm_timer_get_dev)
obj_iotdk_10/gnu_arcem9d/device/ip/designware/pwm_timer/dw_pwm_timer.o
                              obj_iotdk_10/gnu_arcem9d/board/iotdk/drivers/ip/designware/pwm_timer/dw_pwm_timer_obj.o (dw_pwm_timer_open)
obj_iotdk_10/gnu_arcem9d/board/iotdk/common/iotdk_init.o
                              obj_iotdk_10/gnu_arcem9d/board/board.o (board_init)
obj_iotdk_10/gnu_arcem9d/board/iotdk/common/iotdk_timer.o
                              obj_iotdk_10/gnu_arcem9d/board/iotdk/common/iotdk_init.o (iotdk_timer_init)
obj_iotdk_10/gnu_arcem9d/board/iotdk/drivers/mux/mux.o
                              obj_iotdk_10/gnu_arcem9d/application/./main.o (io_arduino_config)
obj_iotdk_10/gnu_arcem9d/board/iotdk/drivers/sysconf/sysconf.o
                              obj_iotdk_10/gnu_arcem9d/board/iotdk/drivers/mux/mux.o (sysconf_reg_ptr)
obj_iotdk_10/gnu_arcem9d/middleware/common/console_io.o
                              obj_iotdk_10/gnu_arcem9d/board/board.o (xprintf_setup)
obj_iotdk_10/gnu_arcem9d/middleware/common/xprintf/xprintf.o
                              obj_iotdk_10/gnu_arcem9d/middleware/common/console_io.o (xfunc_out)
obj_iotdk_10/gnu_arcem9d/arc/arc_cache.o
                              obj_iotdk_10/gnu_arcem9d/arc/startup/arc_startup.o (arc_cache_init)
obj_iotdk_10/gnu_arcem9d/arc/arc_exception.o
                              obj_iotdk_10/gnu_arcem9d/arc/startup/arc_startup.o (exc_int_init)
obj_iotdk_10/gnu_arcem9d/arc/arc_timer.o
                              obj_iotdk_10/gnu_arcem9d/board/iotdk/common/iotdk_timer.o (timer_present)
obj_iotdk_10/gnu_arcem9d/arc/arc_exc_asm.o
                              obj_iotdk_10/gnu_arcem9d/arc/arc_exception.o (exc_entry_cpu)
obj_iotdk_10/gnu_arcem9d/library/clib/embarc_misc.o
                              obj_iotdk_10/gnu_arcem9d/middleware/common/console_io.o (gnu_printf_setup)
obj_iotdk_10/gnu_arcem9d/board/iotdk/drivers/ip/subsystem/uart/dfss_uart_obj.o
                              obj_iotdk_10/gnu_arcem9d/middleware/common/console_io.o (uart_get_dev)
obj_iotdk_10/gnu_arcem9d/device/ip/subsystem/uart/ss_uart.o
                              obj_iotdk_10/gnu_arcem9d/board/iotdk/drivers/ip/subsystem/uart/dfss_uart_obj.o (ss_uart_open)
obj_iotdk_10/gnu_arcem9d/device/ip/subsystem/uart/uart.o
                              obj_iotdk_10/gnu_arcem9d/device/ip/subsystem/uart/ss_uart.o (io_uart_open)
c:/arc_gnu/bin/../lib/gcc/arc-elf32/9.3.1/em4_fpuda\libgcc.a(_divdi3.o)
                              obj_iotdk_10/gnu_arcem9d/board/iotdk/common/iotdk_timer.o (__divdi3)
c:/arc_gnu/bin/../lib/gcc/arc-elf32/9.3.1/em4_fpuda\libgcc.a(_udivdi3.o)
                              obj_iotdk_10/gnu_arcem9d/board/iotdk/common/iotdk_timer.o (__udivdi3)

Allocating common symbols
Common symbol       size              file

xfunc_in            0x4               obj_iotdk_10/gnu_arcem9d/middleware/common/xprintf/xprintf.o
xfunc_out           0x4               obj_iotdk_10/gnu_arcem9d/middleware/common/xprintf/xprintf.o
exc_nest_count      0x4               obj_iotdk_10/gnu_arcem9d/arc/arc_exception.o

Discarded input sections

 .text          0x00000000        0x0 obj_iotdk_10/gnu_arcem9d/application/./main.o
 .data          0x00000000        0x0 obj_iotdk_10/gnu_arcem9d/application/./main.o
 .bss           0x00000000        0x0 obj_iotdk_10/gnu_arcem9d/application/./main.o
 .text          0x00000000        0x0 obj_iotdk_10/gnu_arcem9d/board/board.o
 .data          0x00000000        0x0 obj_iotdk_10/gnu_arcem9d/board/board.o
 .bss           0x00000000        0x0 obj_iotdk_10/gnu_arcem9d/board/board.o
 .text          0x00000000        0x0 obj_iotdk_10/gnu_arcem9d/arc/startup/arc_cxx_support.o
 .data          0x00000000        0x0 obj_iotdk_10/gnu_arcem9d/arc/startup/arc_cxx_support.o
 .bss           0x00000000        0x0 obj_iotdk_10/gnu_arcem9d/arc/startup/arc_cxx_support.o
 .text.__cxa_atexit
                0x00000000        0x4 obj_iotdk_10/gnu_arcem9d/arc/startup/arc_cxx_support.o
 .text.__cxa_pure_virtual
                0x00000000        0x4 obj_iotdk_10/gnu_arcem9d/arc/startup/arc_cxx_support.o
 .bss.__dso_handle
                0x00000000        0x4 obj_iotdk_10/gnu_arcem9d/arc/startup/arc_cxx_support.o
 .text          0x00000000        0x0 obj_iotdk_10/gnu_arcem9d/arc/startup/arc_startup.o
 .data          0x00000000        0x0 obj_iotdk_10/gnu_arcem9d/arc/startup/arc_startup.o
 .bss           0x00000000        0x0 obj_iotdk_10/gnu_arcem9d/arc/startup/arc_startup.o
 .text          0x00000000        0x0 obj_iotdk_10/gnu_arcem9d/board/iotdk/drivers/ip/designware/pwm_timer/dw_pwm_timer_obj.o
 .data          0x00000000        0x0 obj_iotdk_10/gnu_arcem9d/board/iotdk/drivers/ip/designware/pwm_timer/dw_pwm_timer_obj.o
 .bss           0x00000000        0x0 obj_iotdk_10/gnu_arcem9d/board/iotdk/drivers/ip/designware/pwm_timer/dw_pwm_timer_obj.o
 .text.dw_pwm_timer_all_install
                0x00000000        0x4 obj_iotdk_10/gnu_arcem9d/board/iotdk/drivers/ip/designware/pwm_timer/dw_pwm_timer_obj.o
 .text          0x00000000        0x0 obj_iotdk_10/gnu_arcem9d/device/ip/designware/pwm_timer/dw_pwm_timer.o
 .data          0x00000000        0x0 obj_iotdk_10/gnu_arcem9d/device/ip/designware/pwm_timer/dw_pwm_timer.o
 .bss           0x00000000        0x0 obj_iotdk_10/gnu_arcem9d/device/ip/designware/pwm_timer/dw_pwm_timer.o
 .text.dw_pwm_timer_read
                0x00000000       0xe4 obj_iotdk_10/gnu_arcem9d/device/ip/designware/pwm_timer/dw_pwm_timer.o
 .text          0x00000000        0x0 obj_iotdk_10/gnu_arcem9d/board/iotdk/common/iotdk_init.o
 .data          0x00000000        0x0 obj_iotdk_10/gnu_arcem9d/board/iotdk/common/iotdk_init.o
 .bss           0x00000000        0x0 obj_iotdk_10/gnu_arcem9d/board/iotdk/common/iotdk_init.o
 .text          0x00000000        0x0 obj_iotdk_10/gnu_arcem9d/board/iotdk/common/iotdk_timer.o
 .data          0x00000000        0x0 obj_iotdk_10/gnu_arcem9d/board/iotdk/common/iotdk_timer.o
 .bss           0x00000000        0x0 obj_iotdk_10/gnu_arcem9d/board/iotdk/common/iotdk_timer.o
 .text.board_get_hwticks
                0x00000000       0x38 obj_iotdk_10/gnu_arcem9d/board/iotdk/common/iotdk_timer.o
 .text.board_get_cur_us
                0x00000000       0x58 obj_iotdk_10/gnu_arcem9d/board/iotdk/common/iotdk_timer.o
 .text          0x00000000        0x0 obj_iotdk_10/gnu_arcem9d/board/iotdk/drivers/mux/mux.o
 .data          0x00000000        0x0 obj_iotdk_10/gnu_arcem9d/board/iotdk/drivers/mux/mux.o
 .bss           0x00000000        0x0 obj_iotdk_10/gnu_arcem9d/board/iotdk/drivers/mux/mux.o
 .text.io_mikro_config
                0x00000000       0x3c obj_iotdk_10/gnu_arcem9d/board/iotdk/drivers/mux/mux.o
 .text.io_arduino_config_spi
                0x00000000       0x3c obj_iotdk_10/gnu_arcem9d/board/iotdk/drivers/mux/mux.o
 .text.io_arduino_config_uart
                0x00000000       0x3c obj_iotdk_10/gnu_arcem9d/board/iotdk/drivers/mux/mux.o
 .text.io_arduino_config_i2c
                0x00000000       0x3c obj_iotdk_10/gnu_arcem9d/board/iotdk/drivers/mux/mux.o
 .text          0x00000000        0x0 obj_iotdk_10/gnu_arcem9d/board/iotdk/drivers/sysconf/sysconf.o
 .data          0x00000000        0x0 obj_iotdk_10/gnu_arcem9d/board/iotdk/drivers/sysconf/sysconf.o
 .bss           0x00000000        0x0 obj_iotdk_10/gnu_arcem9d/board/iotdk/drivers/sysconf/sysconf.o
 .text.ahb_clk_divisor
                0x00000000       0x10 obj_iotdk_10/gnu_arcem9d/board/iotdk/drivers/sysconf/sysconf.o
 .text.ahb_clk_enable
                0x00000000       0x1c obj_iotdk_10/gnu_arcem9d/board/iotdk/drivers/sysconf/sysconf.o
 .text.ahb_clk_disable
                0x00000000       0x24 obj_iotdk_10/gnu_arcem9d/board/iotdk/drivers/sysconf/sysconf.o
 .text.apb_clk_divisor
                0x00000000       0x10 obj_iotdk_10/gnu_arcem9d/board/iotdk/drivers/sysconf/sysconf.o
 .text.apb_clk_enable
                0x00000000       0x1c obj_iotdk_10/gnu_arcem9d/board/iotdk/drivers/sysconf/sysconf.o
 .text.apb_clk_disable
                0x00000000       0x24 obj_iotdk_10/gnu_arcem9d/board/iotdk/drivers/sysconf/sysconf.o
 .text.sdio_clk_divisor
                0x00000000       0x10 obj_iotdk_10/gnu_arcem9d/board/iotdk/drivers/sysconf/sysconf.o
 .text.spi_master_clk_divisor
                0x00000000       0x6c obj_iotdk_10/gnu_arcem9d/board/iotdk/drivers/sysconf/sysconf.o
 .text.gpio8b_dbclk_div
                0x00000000       0x8c obj_iotdk_10/gnu_arcem9d/board/iotdk/drivers/sysconf/sysconf.o
 .text.gpio4b_dbclk_div
                0x00000000       0x6c obj_iotdk_10/gnu_arcem9d/board/iotdk/drivers/sysconf/sysconf.o
 .text.i2s_tx_clk_div
                0x00000000       0x10 obj_iotdk_10/gnu_arcem9d/board/iotdk/drivers/sysconf/sysconf.o
 .text.i2s_rx_clk_div
                0x00000000       0x10 obj_iotdk_10/gnu_arcem9d/board/iotdk/drivers/sysconf/sysconf.o
 .text.i2s_rx_clk_sel
                0x00000000       0x10 obj_iotdk_10/gnu_arcem9d/board/iotdk/drivers/sysconf/sysconf.o
 .text.syscon_reset
                0x00000000       0x14 obj_iotdk_10/gnu_arcem9d/board/iotdk/drivers/sysconf/sysconf.o
 .text.is_poweron_rst
                0x00000000       0x18 obj_iotdk_10/gnu_arcem9d/board/iotdk/drivers/sysconf/sysconf.o
 .text.dvfs_clk_divisor
                0x00000000       0x8c obj_iotdk_10/gnu_arcem9d/board/iotdk/drivers/sysconf/sysconf.o
 .text.dvfs_vdd_config
                0x00000000       0x8c obj_iotdk_10/gnu_arcem9d/board/iotdk/drivers/sysconf/sysconf.o
 .text.dvfs_vwtime_config
                0x00000000       0x10 obj_iotdk_10/gnu_arcem9d/board/iotdk/drivers/sysconf/sysconf.o
 .text.pmc_pwwtime_config
                0x00000000       0x10 obj_iotdk_10/gnu_arcem9d/board/iotdk/drivers/sysconf/sysconf.o
 .text.uart3_clk_divisor
                0x00000000       0x10 obj_iotdk_10/gnu_arcem9d/board/iotdk/drivers/sysconf/sysconf.o
 .text.reset_powerdown_vector
                0x00000000       0x10 obj_iotdk_10/gnu_arcem9d/board/iotdk/drivers/sysconf/sysconf.o
 .text.pwm_timer_pause
                0x00000000       0x30 obj_iotdk_10/gnu_arcem9d/board/iotdk/drivers/sysconf/sysconf.o
 .text.eflash_clk_div
                0x00000000       0x1c obj_iotdk_10/gnu_arcem9d/board/iotdk/drivers/sysconf/sysconf.o
 .text          0x00000000        0x0 obj_iotdk_10/gnu_arcem9d/middleware/common/console_io.o
 .data          0x00000000        0x0 obj_iotdk_10/gnu_arcem9d/middleware/common/console_io.o
 .bss           0x00000000        0x0 obj_iotdk_10/gnu_arcem9d/middleware/common/console_io.o
 .text.console_putstr
                0x00000000       0x14 obj_iotdk_10/gnu_arcem9d/middleware/common/console_io.o
 .text.console_getstr
                0x00000000       0x14 obj_iotdk_10/gnu_arcem9d/middleware/common/console_io.o
 .text          0x00000000        0x0 obj_iotdk_10/gnu_arcem9d/middleware/common/xprintf/xprintf.o
 .data          0x00000000        0x0 obj_iotdk_10/gnu_arcem9d/middleware/common/xprintf/xprintf.o
 .bss           0x00000000        0x0 obj_iotdk_10/gnu_arcem9d/middleware/common/xprintf/xprintf.o
 .text.xgets.part.0
                0x00000000       0x88 obj_iotdk_10/gnu_arcem9d/middleware/common/xprintf/xprintf.o
 .text.xputs    0x00000000       0x20 obj_iotdk_10/gnu_arcem9d/middleware/common/xprintf/xprintf.o
 .text.xfputs   0x00000000       0x3c obj_iotdk_10/gnu_arcem9d/middleware/common/xprintf/xprintf.o
 .text.xsprintf
                0x00000000       0x44 obj_iotdk_10/gnu_arcem9d/middleware/common/xprintf/xprintf.o
 .text.xfprintf
                0x00000000       0x48 obj_iotdk_10/gnu_arcem9d/middleware/common/xprintf/xprintf.o
 .rodata.put_dump.str1.4
                0x00000000       0x20 obj_iotdk_10/gnu_arcem9d/middleware/common/xprintf/xprintf.o
 .text.put_dump
                0x00000000       0xf0 obj_iotdk_10/gnu_arcem9d/middleware/common/xprintf/xprintf.o
 .text.xgets    0x00000000       0x14 obj_iotdk_10/gnu_arcem9d/middleware/common/xprintf/xprintf.o
 .text.xfgets   0x00000000       0x34 obj_iotdk_10/gnu_arcem9d/middleware/common/xprintf/xprintf.o
 .text.xatoi    0x00000000       0xfc obj_iotdk_10/gnu_arcem9d/middleware/common/xprintf/xprintf.o
 .text          0x00000000        0x0 obj_iotdk_10/gnu_arcem9d/arc/arc_cache.o
 .data          0x00000000        0x0 obj_iotdk_10/gnu_arcem9d/arc/arc_cache.o
 .bss           0x00000000        0x0 obj_iotdk_10/gnu_arcem9d/arc/arc_cache.o
 .text.icache_invalidate_mlines
                0x00000000       0x60 obj_iotdk_10/gnu_arcem9d/arc/arc_cache.o
 .text.icache_lock_mlines
                0x00000000       0x74 obj_iotdk_10/gnu_arcem9d/arc/arc_cache.o
 .text.icache_direct_write
                0x00000000       0x38 obj_iotdk_10/gnu_arcem9d/arc/arc_cache.o
 .text.icache_direct_read
                0x00000000       0x34 obj_iotdk_10/gnu_arcem9d/arc/arc_cache.o
 .text.icache_indirect_read
                0x00000000       0x38 obj_iotdk_10/gnu_arcem9d/arc/arc_cache.o
 .text.dcache_invalidate_mlines
                0x00000000       0x80 obj_iotdk_10/gnu_arcem9d/arc/arc_cache.o
 .text.dcache_flush_mlines
                0x00000000       0x80 obj_iotdk_10/gnu_arcem9d/arc/arc_cache.o
 .text.dcache_lock_mlines
                0x00000000       0x78 obj_iotdk_10/gnu_arcem9d/arc/arc_cache.o
 .text.dcache_direct_write
                0x00000000       0x38 obj_iotdk_10/gnu_arcem9d/arc/arc_cache.o
 .text.dcache_direct_read
                0x00000000       0x34 obj_iotdk_10/gnu_arcem9d/arc/arc_cache.o
 .text.dcache_indirect_read
                0x00000000       0x38 obj_iotdk_10/gnu_arcem9d/arc/arc_cache.o
 .text          0x00000000        0x0 obj_iotdk_10/gnu_arcem9d/arc/arc_exception.o
 .data          0x00000000        0x0 obj_iotdk_10/gnu_arcem9d/arc/arc_exception.o
 .bss           0x00000000        0x0 obj_iotdk_10/gnu_arcem9d/arc/arc_exception.o
 .text.exc_entry_install
                0x00000000       0x78 obj_iotdk_10/gnu_arcem9d/arc/arc_exception.o
 .text.exc_entry_get
                0x00000000       0x1c obj_iotdk_10/gnu_arcem9d/arc/arc_exception.o
 .text.exc_handler_install
                0x00000000       0x1c obj_iotdk_10/gnu_arcem9d/arc/arc_exception.o
 .text.exc_handler_get
                0x00000000       0x1c obj_iotdk_10/gnu_arcem9d/arc/arc_exception.o
 .text.int_enabled
                0x00000000       0x20 obj_iotdk_10/gnu_arcem9d/arc/arc_exception.o
 .text.int_ipm_get
                0x00000000       0x10 obj_iotdk_10/gnu_arcem9d/arc/arc_exception.o
 .text.int_ipm_set
                0x00000000       0x34 obj_iotdk_10/gnu_arcem9d/arc/arc_exception.o
 .text.int_pri_get
                0x00000000       0x28 obj_iotdk_10/gnu_arcem9d/arc/arc_exception.o
 .text.int_pri_set
                0x00000000       0x3c obj_iotdk_10/gnu_arcem9d/arc/arc_exception.o
 .text.int_secure_set
                0x00000000       0x44 obj_iotdk_10/gnu_arcem9d/arc/arc_exception.o
 .text.int_probe
                0x00000000       0x20 obj_iotdk_10/gnu_arcem9d/arc/arc_exception.o
 .text.int_sw_trigger
                0x00000000       0x1c obj_iotdk_10/gnu_arcem9d/arc/arc_exception.o
 .text.int_level_config
                0x00000000       0x24 obj_iotdk_10/gnu_arcem9d/arc/arc_exception.o
 .text.cpu_lock
                0x00000000        0x8 obj_iotdk_10/gnu_arcem9d/arc/arc_exception.o
 .text.int_handler_get
                0x00000000       0x20 obj_iotdk_10/gnu_arcem9d/arc/arc_exception.o
 .text          0x00000000        0x0 obj_iotdk_10/gnu_arcem9d/arc/arc_timer.o
 .data          0x00000000        0x0 obj_iotdk_10/gnu_arcem9d/arc/arc_timer.o
 .bss           0x00000000        0x0 obj_iotdk_10/gnu_arcem9d/arc/arc_timer.o
 .text.timer_stop
                0x00000000       0x70 obj_iotdk_10/gnu_arcem9d/arc/arc_timer.o
 .text.arc_delay_us
                0x00000000        0x8 obj_iotdk_10/gnu_arcem9d/arc/arc_timer.o
 .data          0x00000000        0x0 obj_iotdk_10/gnu_arcem9d/arc/arc_exc_asm.o
 .bss           0x00000000        0x0 obj_iotdk_10/gnu_arcem9d/arc/arc_exc_asm.o
 .text          0x00000000        0x0 obj_iotdk_10/gnu_arcem9d/library/clib/embarc_misc.o
 .data          0x00000000        0x0 obj_iotdk_10/gnu_arcem9d/library/clib/embarc_misc.o
 .bss           0x00000000        0x0 obj_iotdk_10/gnu_arcem9d/library/clib/embarc_misc.o
 .text          0x00000000        0x0 obj_iotdk_10/gnu_arcem9d/board/iotdk/drivers/ip/subsystem/uart/dfss_uart_obj.o
 .data          0x00000000        0x0 obj_iotdk_10/gnu_arcem9d/board/iotdk/drivers/ip/subsystem/uart/dfss_uart_obj.o
 .bss           0x00000000        0x0 obj_iotdk_10/gnu_arcem9d/board/iotdk/drivers/ip/subsystem/uart/dfss_uart_obj.o
 .text          0x00000000        0x0 obj_iotdk_10/gnu_arcem9d/device/ip/subsystem/uart/ss_uart.o
 .data          0x00000000        0x0 obj_iotdk_10/gnu_arcem9d/device/ip/subsystem/uart/ss_uart.o
 .bss           0x00000000        0x0 obj_iotdk_10/gnu_arcem9d/device/ip/subsystem/uart/ss_uart.o
 .text          0x00000000        0x0 obj_iotdk_10/gnu_arcem9d/device/ip/subsystem/uart/uart.o
 .data          0x00000000        0x0 obj_iotdk_10/gnu_arcem9d/device/ip/subsystem/uart/uart.o
 .bss           0x00000000        0x0 obj_iotdk_10/gnu_arcem9d/device/ip/subsystem/uart/uart.o
 .text          0x00000000        0x0 c:/arc_gnu/bin/../lib/gcc/arc-elf32/9.3.1/em4_fpuda\libgcc.a(_divdi3.o)
 .data          0x00000000        0x0 c:/arc_gnu/bin/../lib/gcc/arc-elf32/9.3.1/em4_fpuda\libgcc.a(_divdi3.o)
 .bss           0x00000000        0x0 c:/arc_gnu/bin/../lib/gcc/arc-elf32/9.3.1/em4_fpuda\libgcc.a(_divdi3.o)
 .text.__divdi3
                0x00000000      0x3ac c:/arc_gnu/bin/../lib/gcc/arc-elf32/9.3.1/em4_fpuda\libgcc.a(_divdi3.o)
 .note.GNU-stack
                0x00000000        0x0 c:/arc_gnu/bin/../lib/gcc/arc-elf32/9.3.1/em4_fpuda\libgcc.a(_divdi3.o)
 .debug_frame   0x00000000       0x40 c:/arc_gnu/bin/../lib/gcc/arc-elf32/9.3.1/em4_fpuda\libgcc.a(_divdi3.o)
 .ARC.attributes
                0x00000000       0x40 c:/arc_gnu/bin/../lib/gcc/arc-elf32/9.3.1/em4_fpuda\libgcc.a(_divdi3.o)
 .text          0x00000000        0x0 c:/arc_gnu/bin/../lib/gcc/arc-elf32/9.3.1/em4_fpuda\libgcc.a(_udivdi3.o)
 .data          0x00000000        0x0 c:/arc_gnu/bin/../lib/gcc/arc-elf32/9.3.1/em4_fpuda\libgcc.a(_udivdi3.o)
 .bss           0x00000000        0x0 c:/arc_gnu/bin/../lib/gcc/arc-elf32/9.3.1/em4_fpuda\libgcc.a(_udivdi3.o)

Memory Configuration

Name             Origin             Length             Attributes
REGION_ICCM      0x20000000         0x00040000
REGION_DCCM      0x80000000         0x00020000
REGION_EXT_ROM   0x00000000         0x00040000
REGION_EXT_RAM   0x30000000         0x00020000
*default*        0x00000000         0xffffffff

Linker script and memory map

LOAD c:/arc_gnu/bin/../lib/gcc/arc-elf32/9.3.1/../../../../arc-elf32/lib/em4_fpuda\libm.a

.init           0x20000000      0x214
                0x20000000                . = (. + 0x0)
                0x20000000                _f_init = .
 *(.init_vector .init_vector.*)
 .init_vector   0x20000000        0x4 obj_iotdk_10/gnu_arcem9d/arc/startup/arc_startup.o
 *(.init_bootstrap .init_bootstrap.*)
 .init_bootstrap
                0x20000004      0x210 obj_iotdk_10/gnu_arcem9d/arc/startup/arc_startup.o
                0x20000004                _arc_reset
                0x20000004                _start
                0x20000200                _exit_loop
                0x20000200                _exit_halt
                0x20000214                _e_init = .

.vector         0x20000400      0x400
                0x20000400                _f_vector = .
 *(.vector .vector.*)
 .vector        0x20000400      0x400 obj_iotdk_10/gnu_arcem9d/arc/arc_exception.o
                0x20000400                exc_entry_table
                0x20000800                _e_vector = .

.text           0x20000800     0x3390
                0x20000800                _f_text = .
 *(.text .text.* .gnu.linkonce.t.*)
 .text.arduino_pin_init
                0x20000800       0x48 obj_iotdk_10/gnu_arcem9d/application/./main.o
                0x20000800                arduino_pin_init
 .text.startup.main
                0x20000848       0x80 obj_iotdk_10/gnu_arcem9d/application/./main.o
                0x20000848                main
 .text.board_main
                0x200008c8       0x40 obj_iotdk_10/gnu_arcem9d/board/board.o
                0x200008c8                board_main
 .text.__do_global_ctors_aux
                0x20000908       0x30 obj_iotdk_10/gnu_arcem9d/arc/startup/arc_cxx_support.o
                0x20000908                __do_global_ctors_aux
 .text.__do_global_dtors_aux
                0x20000938       0x34 obj_iotdk_10/gnu_arcem9d/arc/startup/arc_cxx_support.o
                0x20000938                __do_global_dtors_aux
 .text.__do_init_array_aux
                0x2000096c       0x3c obj_iotdk_10/gnu_arcem9d/arc/startup/arc_cxx_support.o
                0x2000096c                __do_init_array_aux
 .text.dw_pwm_timer_0_install
                0x200009a8       0xb0 obj_iotdk_10/gnu_arcem9d/board/iotdk/drivers/ip/designware/pwm_timer/dw_pwm_timer_obj.o
 .text.dw_pwm_timer_0_write
                0x20000a58       0x14 obj_iotdk_10/gnu_arcem9d/board/iotdk/drivers/ip/designware/pwm_timer/dw_pwm_timer_obj.o
 .text.dw_pwm_timer_0_control
                0x20000a6c       0x14 obj_iotdk_10/gnu_arcem9d/board/iotdk/drivers/ip/designware/pwm_timer/dw_pwm_timer_obj.o
 .text.dw_pwm_timer_0_close
                0x20000a80        0xc obj_iotdk_10/gnu_arcem9d/board/iotdk/drivers/ip/designware/pwm_timer/dw_pwm_timer_obj.o
 .text.dw_pwm_timer_0_open
                0x20000a8c        0xc obj_iotdk_10/gnu_arcem9d/board/iotdk/drivers/ip/designware/pwm_timer/dw_pwm_timer_obj.o
 .text.dw_pwm_timer_0_isr
                0x20000a98        0xc obj_iotdk_10/gnu_arcem9d/board/iotdk/drivers/ip/designware/pwm_timer/dw_pwm_timer_obj.o
 .text.pwm_timer_get_dev
                0x20000aa4       0x3c obj_iotdk_10/gnu_arcem9d/board/iotdk/drivers/ip/designware/pwm_timer/dw_pwm_timer_obj.o
                0x20000aa4                pwm_timer_get_dev
 .text.dw_pwm_timer_open
                0x20000ae0       0xa8 obj_iotdk_10/gnu_arcem9d/device/ip/designware/pwm_timer/dw_pwm_timer.o
                0x20000ae0                dw_pwm_timer_open
 .text.dw_pwm_timer_close
                0x20000b88       0x90 obj_iotdk_10/gnu_arcem9d/device/ip/designware/pwm_timer/dw_pwm_timer.o
                0x20000b88                dw_pwm_timer_close
 .text.dw_pwm_timer_write
                0x20000c18      0x1a8 obj_iotdk_10/gnu_arcem9d/device/ip/designware/pwm_timer/dw_pwm_timer.o
                0x20000c18                dw_pwm_timer_write
 .text.dw_pwm_timer_control
                0x20000dc0      0x1f4 obj_iotdk_10/gnu_arcem9d/device/ip/designware/pwm_timer/dw_pwm_timer.o
                0x20000dc0                dw_pwm_timer_control
 .text.dw_pwm_timer_isr_handler
                0x20000fb4       0x90 obj_iotdk_10/gnu_arcem9d/device/ip/designware/pwm_timer/dw_pwm_timer.o
                0x20000fb4                dw_pwm_timer_isr_handler
 .text.board_init
                0x20001044       0x2c obj_iotdk_10/gnu_arcem9d/board/iotdk/common/iotdk_init.o
                0x20001044                board_init
 .text.board_timer_update
                0x20001070       0x90 obj_iotdk_10/gnu_arcem9d/board/iotdk/common/iotdk_timer.o
                0x20001070                board_timer_update
 .text.iotdk_timer_isr
                0x20001100       0x14 obj_iotdk_10/gnu_arcem9d/board/iotdk/common/iotdk_timer.o
 .text.iotdk_timer_init
                0x20001114       0x40 obj_iotdk_10/gnu_arcem9d/board/iotdk/common/iotdk_timer.o
                0x20001114                iotdk_timer_init
 .text.board_delay_ms
                0x20001154       0xec obj_iotdk_10/gnu_arcem9d/board/iotdk/common/iotdk_timer.o
                0x20001154                board_delay_ms
 .text.io_arduino_config
                0x20001240      0x260 obj_iotdk_10/gnu_arcem9d/board/iotdk/drivers/mux/mux.o
                0x20001240                io_arduino_config
 .text.io_pmod_config
                0x200014a0       0x94 obj_iotdk_10/gnu_arcem9d/board/iotdk/drivers/mux/mux.o
                0x200014a0                io_pmod_config
 .text.io_mux_init
                0x20001534       0x14 obj_iotdk_10/gnu_arcem9d/board/iotdk/drivers/mux/mux.o
                0x20001534                io_mux_init
 .text.pll_conf_reg
                0x20001548       0x48 obj_iotdk_10/gnu_arcem9d/board/iotdk/drivers/sysconf/sysconf.o
                0x20001548                pll_conf_reg
 .text.pll_fout_config
                0x20001590       0xa4 obj_iotdk_10/gnu_arcem9d/board/iotdk/drivers/sysconf/sysconf.o
                0x20001590                pll_fout_config
 .text.console_putchar
                0x20001634       0x2c obj_iotdk_10/gnu_arcem9d/middleware/common/console_io.o
                0x20001634                console_putchar
 .text.console_getchar
                0x20001660       0x44 obj_iotdk_10/gnu_arcem9d/middleware/common/console_io.o
                0x20001660                console_getchar
 .text.xprintf_setup
                0x200016a4       0x88 obj_iotdk_10/gnu_arcem9d/middleware/common/console_io.o
                0x200016a4                xprintf_setup
 .text.xputc    0x2000172c       0x48 obj_iotdk_10/gnu_arcem9d/middleware/common/xprintf/xprintf.o
                0x2000172c                xputc
 .text.xvprintf
                0x20001774      0x394 obj_iotdk_10/gnu_arcem9d/middleware/common/xprintf/xprintf.o
                0x20001774                xvprintf
 .text.xprintf  0x20001b08       0x28 obj_iotdk_10/gnu_arcem9d/middleware/common/xprintf/xprintf.o
                0x20001b08                xprintf
 .text.arc_cache_init
                0x20001b30      0x118 obj_iotdk_10/gnu_arcem9d/arc/arc_cache.o
                0x20001b30                arc_cache_init
 .text.int_handler_default
                0x20001c48       0x34 obj_iotdk_10/gnu_arcem9d/arc/arc_exception.o
 .text.dump_protv_access_err
                0x20001c7c       0x80 obj_iotdk_10/gnu_arcem9d/arc/arc_exception.o
 .text.exc_handler_default
                0x20001cfc      0x39c obj_iotdk_10/gnu_arcem9d/arc/arc_exception.o
 .text.exc_int_init
                0x20002098       0x80 obj_iotdk_10/gnu_arcem9d/arc/arc_exception.o
                0x20002098                exc_int_init
 .text.int_disable
                0x20002118       0x28 obj_iotdk_10/gnu_arcem9d/arc/arc_exception.o
                0x20002118                int_disable
 .text.int_enable
                0x20002140       0x28 obj_iotdk_10/gnu_arcem9d/arc/arc_exception.o
                0x20002140                int_enable
 .text.cpu_unlock
                0x20002168        0x8 obj_iotdk_10/gnu_arcem9d/arc/arc_exception.o
                0x20002168                cpu_unlock
 .text.cpu_lock_save
                0x20002170        0x8 obj_iotdk_10/gnu_arcem9d/arc/arc_exception.o
                0x20002170                cpu_lock_save
 .text.cpu_unlock_restore
                0x20002178        0x8 obj_iotdk_10/gnu_arcem9d/arc/arc_exception.o
                0x20002178                cpu_unlock_restore
 .text.int_handler_install
                0x20002180       0x20 obj_iotdk_10/gnu_arcem9d/arc/arc_exception.o
                0x20002180                int_handler_install
 .text.arc_delay_us.part.0
                0x200021a0       0x4c obj_iotdk_10/gnu_arcem9d/arc/arc_timer.o
 .text.timer_present
                0x200021ec       0x38 obj_iotdk_10/gnu_arcem9d/arc/arc_timer.o
                0x200021ec                timer_present
 .text.timer_start
                0x20002224       0x6c obj_iotdk_10/gnu_arcem9d/arc/arc_timer.o
                0x20002224                timer_start
 .text.timer_current
                0x20002290       0x30 obj_iotdk_10/gnu_arcem9d/arc/arc_timer.o
                0x20002290                timer_current
 .text.timer_int_clear
                0x200022c0       0x34 obj_iotdk_10/gnu_arcem9d/arc/arc_timer.o
                0x200022c0                timer_int_clear
 .text.timer_init
                0x200022f4       0x74 obj_iotdk_10/gnu_arcem9d/arc/arc_timer.o
                0x200022f4                timer_init
 .text.timer_calibrate_delay
                0x20002368      0x1ac obj_iotdk_10/gnu_arcem9d/arc/arc_timer.o
                0x20002368                timer_calibrate_delay
 .text          0x20002514      0x2f8 obj_iotdk_10/gnu_arcem9d/arc/arc_exc_asm.o
                0x20002514                exc_entry_cpu
                0x20002694                exc_entry_int
                0x20002748                exc_entry_firq
 .text.gnu_printf_setup
                0x2000280c        0x4 obj_iotdk_10/gnu_arcem9d/library/clib/embarc_misc.o
                0x2000280c                gnu_printf_setup
 .text.dfss_uart_0_read
                0x20002810       0x10 obj_iotdk_10/gnu_arcem9d/board/iotdk/drivers/ip/subsystem/uart/dfss_uart_obj.o
 .text.dfss_uart_1_read
                0x20002820       0x10 obj_iotdk_10/gnu_arcem9d/board/iotdk/drivers/ip/subsystem/uart/dfss_uart_obj.o
 .text.dfss_uart_2_read
                0x20002830       0x10 obj_iotdk_10/gnu_arcem9d/board/iotdk/drivers/ip/subsystem/uart/dfss_uart_obj.o
 .text.dfss_uart_3_read
                0x20002840       0x10 obj_iotdk_10/gnu_arcem9d/board/iotdk/drivers/ip/subsystem/uart/dfss_uart_obj.o
 .text.dfss_uart_0_write
                0x20002850       0x10 obj_iotdk_10/gnu_arcem9d/board/iotdk/drivers/ip/subsystem/uart/dfss_uart_obj.o
 .text.dfss_uart_1_write
                0x20002860       0x10 obj_iotdk_10/gnu_arcem9d/board/iotdk/drivers/ip/subsystem/uart/dfss_uart_obj.o
 .text.dfss_uart_2_write
                0x20002870       0x10 obj_iotdk_10/gnu_arcem9d/board/iotdk/drivers/ip/subsystem/uart/dfss_uart_obj.o
 .text.dfss_uart_3_write
                0x20002880       0x10 obj_iotdk_10/gnu_arcem9d/board/iotdk/drivers/ip/subsystem/uart/dfss_uart_obj.o
 .text.dfss_uart_0_control
                0x20002890       0x10 obj_iotdk_10/gnu_arcem9d/board/iotdk/drivers/ip/subsystem/uart/dfss_uart_obj.o
 .text.dfss_uart_1_control
                0x200028a0       0x10 obj_iotdk_10/gnu_arcem9d/board/iotdk/drivers/ip/subsystem/uart/dfss_uart_obj.o
 .text.dfss_uart_2_control
                0x200028b0       0x10 obj_iotdk_10/gnu_arcem9d/board/iotdk/drivers/ip/subsystem/uart/dfss_uart_obj.o
 .text.dfss_uart_3_control
                0x200028c0       0x10 obj_iotdk_10/gnu_arcem9d/board/iotdk/drivers/ip/subsystem/uart/dfss_uart_obj.o
 .text.dfss_uart_0_close
                0x200028d0        0xc obj_iotdk_10/gnu_arcem9d/board/iotdk/drivers/ip/subsystem/uart/dfss_uart_obj.o
 .text.dfss_uart_1_close
                0x200028dc        0xc obj_iotdk_10/gnu_arcem9d/board/iotdk/drivers/ip/subsystem/uart/dfss_uart_obj.o
 .text.dfss_uart_2_close
                0x200028e8        0xc obj_iotdk_10/gnu_arcem9d/board/iotdk/drivers/ip/subsystem/uart/dfss_uart_obj.o
 .text.dfss_uart_3_close
                0x200028f4        0xc obj_iotdk_10/gnu_arcem9d/board/iotdk/drivers/ip/subsystem/uart/dfss_uart_obj.o
 .text.dfss_uart_0_open
                0x20002900        0xc obj_iotdk_10/gnu_arcem9d/board/iotdk/drivers/ip/subsystem/uart/dfss_uart_obj.o
 .text.dfss_uart_1_open
                0x2000290c        0xc obj_iotdk_10/gnu_arcem9d/board/iotdk/drivers/ip/subsystem/uart/dfss_uart_obj.o
 .text.dfss_uart_2_open
                0x20002918        0xc obj_iotdk_10/gnu_arcem9d/board/iotdk/drivers/ip/subsystem/uart/dfss_uart_obj.o
 .text.dfss_uart_3_open
                0x20002924        0xc obj_iotdk_10/gnu_arcem9d/board/iotdk/drivers/ip/subsystem/uart/dfss_uart_obj.o
 .text.uart_err_cb0
                0x20002930        0xc obj_iotdk_10/gnu_arcem9d/board/iotdk/drivers/ip/subsystem/uart/dfss_uart_obj.o
 .text.uart_err_cb1
                0x2000293c        0xc obj_iotdk_10/gnu_arcem9d/board/iotdk/drivers/ip/subsystem/uart/dfss_uart_obj.o
 .text.uart_err_cb2
                0x20002948        0xc obj_iotdk_10/gnu_arcem9d/board/iotdk/drivers/ip/subsystem/uart/dfss_uart_obj.o
 .text.uart_err_cb3
                0x20002954        0xc obj_iotdk_10/gnu_arcem9d/board/iotdk/drivers/ip/subsystem/uart/dfss_uart_obj.o
 .text.uart_rx_cb0
                0x20002960        0xc obj_iotdk_10/gnu_arcem9d/board/iotdk/drivers/ip/subsystem/uart/dfss_uart_obj.o
 .text.uart_rx_cb1
                0x2000296c        0xc obj_iotdk_10/gnu_arcem9d/board/iotdk/drivers/ip/subsystem/uart/dfss_uart_obj.o
 .text.uart_rx_cb2
                0x20002978        0xc obj_iotdk_10/gnu_arcem9d/board/iotdk/drivers/ip/subsystem/uart/dfss_uart_obj.o
 .text.uart_rx_cb3
                0x20002984        0xc obj_iotdk_10/gnu_arcem9d/board/iotdk/drivers/ip/subsystem/uart/dfss_uart_obj.o
 .text.uart_tx_cb0
                0x20002990        0xc obj_iotdk_10/gnu_arcem9d/board/iotdk/drivers/ip/subsystem/uart/dfss_uart_obj.o
 .text.uart_tx_cb1
                0x2000299c        0xc obj_iotdk_10/gnu_arcem9d/board/iotdk/drivers/ip/subsystem/uart/dfss_uart_obj.o
 .text.uart_tx_cb2
                0x200029a8        0xc obj_iotdk_10/gnu_arcem9d/board/iotdk/drivers/ip/subsystem/uart/dfss_uart_obj.o
 .text.uart_tx_cb3
                0x200029b4        0xc obj_iotdk_10/gnu_arcem9d/board/iotdk/drivers/ip/subsystem/uart/dfss_uart_obj.o
 .text.dfss_uart_all_install
                0x200029c0      0x120 obj_iotdk_10/gnu_arcem9d/board/iotdk/drivers/ip/subsystem/uart/dfss_uart_obj.o
                0x200029c0                dfss_uart_all_install
 .text.uart_get_dev
                0x20002ae0       0x48 obj_iotdk_10/gnu_arcem9d/board/iotdk/drivers/ip/subsystem/uart/dfss_uart_obj.o
                0x20002ae0                uart_get_dev
 .text.set_dps  0x20002b28       0xa8 obj_iotdk_10/gnu_arcem9d/device/ip/subsystem/uart/ss_uart.o
 .text.ss_uart_open
                0x20002bd0       0xe8 obj_iotdk_10/gnu_arcem9d/device/ip/subsystem/uart/ss_uart.o
                0x20002bd0                ss_uart_open
 .text.ss_uart_close
                0x20002cb8       0x34 obj_iotdk_10/gnu_arcem9d/device/ip/subsystem/uart/ss_uart.o
                0x20002cb8                ss_uart_close
 .text.ss_uart_control
                0x20002cec      0x1a0 obj_iotdk_10/gnu_arcem9d/device/ip/subsystem/uart/ss_uart.o
                0x20002cec                ss_uart_control
 .text.ss_uart_write
                0x20002e8c       0xb8 obj_iotdk_10/gnu_arcem9d/device/ip/subsystem/uart/ss_uart.o
                0x20002e8c                ss_uart_write
 .text.ss_uart_read
                0x20002f44       0xc8 obj_iotdk_10/gnu_arcem9d/device/ip/subsystem/uart/ss_uart.o
                0x20002f44                ss_uart_read
 .text.ss_uart_tx_cb
                0x2000300c       0x24 obj_iotdk_10/gnu_arcem9d/device/ip/subsystem/uart/ss_uart.o
                0x2000300c                ss_uart_tx_cb
 .text.ss_uart_rx_cb
                0x20003030       0x24 obj_iotdk_10/gnu_arcem9d/device/ip/subsystem/uart/ss_uart.o
                0x20003030                ss_uart_rx_cb
 .text.ss_uart_err_cb
                0x20003054       0x14 obj_iotdk_10/gnu_arcem9d/device/ip/subsystem/uart/ss_uart.o
                0x20003054                ss_uart_err_cb
 .text.uart0_dmatx_ISR
                0x20003068        0x4 obj_iotdk_10/gnu_arcem9d/device/ip/subsystem/uart/uart.o
 .text.uart_isr_proc
                0x2000306c      0x368 obj_iotdk_10/gnu_arcem9d/device/ip/subsystem/uart/uart.o
 .text.uart3_ISR
                0x200033d4        0x8 obj_iotdk_10/gnu_arcem9d/device/ip/subsystem/uart/uart.o
 .text.uart2_ISR
                0x200033dc        0x8 obj_iotdk_10/gnu_arcem9d/device/ip/subsystem/uart/uart.o
 .text.uart1_ISR
                0x200033e4        0x8 obj_iotdk_10/gnu_arcem9d/device/ip/subsystem/uart/uart.o
 .text.uart0_ISR
                0x200033ec        0x8 obj_iotdk_10/gnu_arcem9d/device/ip/subsystem/uart/uart.o
 .text.uart3_dmarx_ISR
                0x200033f4        0x4 obj_iotdk_10/gnu_arcem9d/device/ip/subsystem/uart/uart.o
 .text.uart0_dmarx_ISR
                0x200033f8        0x4 obj_iotdk_10/gnu_arcem9d/device/ip/subsystem/uart/uart.o
 .text.uart1_dmatx_ISR
                0x200033fc        0x4 obj_iotdk_10/gnu_arcem9d/device/ip/subsystem/uart/uart.o
 .text.uart1_dmarx_ISR
                0x20003400        0x4 obj_iotdk_10/gnu_arcem9d/device/ip/subsystem/uart/uart.o
 .text.uart2_dmatx_ISR
                0x20003404        0x4 obj_iotdk_10/gnu_arcem9d/device/ip/subsystem/uart/uart.o
 .text.uart2_dmarx_ISR
                0x20003408        0x4 obj_iotdk_10/gnu_arcem9d/device/ip/subsystem/uart/uart.o
 .text.uart3_dmatx_ISR
                0x2000340c        0x4 obj_iotdk_10/gnu_arcem9d/device/ip/subsystem/uart/uart.o
 .text.io_uart_open
                0x20003410       0xd8 obj_iotdk_10/gnu_arcem9d/device/ip/subsystem/uart/uart.o
                0x20003410                io_uart_open
 .text.io_uart_close
                0x200034e8       0x70 obj_iotdk_10/gnu_arcem9d/device/ip/subsystem/uart/uart.o
                0x200034e8                io_uart_close
 .text.io_uart_read
                0x20003558       0x5c obj_iotdk_10/gnu_arcem9d/device/ip/subsystem/uart/uart.o
                0x20003558                io_uart_read
 .text.io_uart_write
                0x200035b4       0x88 obj_iotdk_10/gnu_arcem9d/device/ip/subsystem/uart/uart.o
                0x200035b4                io_uart_write
 .text.io_uart_ioctl
                0x2000363c      0x1e8 obj_iotdk_10/gnu_arcem9d/device/ip/subsystem/uart/uart.o
                0x2000363c                io_uart_ioctl
 .text.__udivdi3
                0x20003824      0x36c c:/arc_gnu/bin/../lib/gcc/arc-elf32/9.3.1/em4_fpuda\libgcc.a(_udivdi3.o)
                0x20003824                __udivdi3
                0x20003b90                _e_text = .

.rodata         0x20003b90      0xe88
                0x20003b90                _f_rodata = .
                0x20003b90                . = ALIGN (0x4)
                0x20003b90                __CTOR_LIST__ = .
                0x20003b90        0x4 LONG 0x0 (((__CTOR_END__ - __CTOR_LIST__) / 0x4) - 0x2)
 *(SORT_BY_NAME(.ctors*))
                0x20003b94        0x4 LONG 0x0
                0x20003b98                __CTOR_END__ = .
                0x20003b98                . = ALIGN (0x4)
                0x20003b98                __init_array_start = .
 *(SORT_BY_NAME(.init_array*))
                0x20003b98                __init_array_end = .
                0x20003b98                . = ALIGN (0x4)
                0x20003b98                __DTOR_LIST__ = .
                0x20003b98        0x4 LONG 0x0 (((__DTOR_END__ - __DTOR_LIST__) / 0x4) - 0x2)
 *(SORT_BY_NAME(.dtors*))
                0x20003b9c        0x4 LONG 0x0
                0x20003ba0                __DTOR_END__ = .
 *(.rodata .rodata.* .gnu.linkonce.r.*)
 .rodata.str1.4
                0x20003ba0        0x5 obj_iotdk_10/gnu_arcem9d/board/board.o
                                  0x8 (size before relaxing)
 *fill*         0x20003ba5        0x3 
 .rodata.dw_pwm_timer_control
                0x20003ba8       0x20 obj_iotdk_10/gnu_arcem9d/device/ip/designware/pwm_timer/dw_pwm_timer.o
 .rodata.io_arduino_config
                0x20003bc8       0x50 obj_iotdk_10/gnu_arcem9d/board/iotdk/drivers/mux/mux.o
 .rodata.CSWTCH.46
                0x20003c18       0x50 obj_iotdk_10/gnu_arcem9d/board/iotdk/drivers/mux/mux.o
 .rodata.pll_configuration
                0x20003c68       0x58 obj_iotdk_10/gnu_arcem9d/board/iotdk/drivers/sysconf/sysconf.o
 .rodata.xprintf_setup.str1.4
                0x20003cc0      0x320 obj_iotdk_10/gnu_arcem9d/middleware/common/console_io.o
 .rodata.xvprintf
                0x20003fe0       0x5c obj_iotdk_10/gnu_arcem9d/middleware/common/xprintf/xprintf.o
 .rodata.int_handler_default.str1.4
                0x2000403c       0x3c obj_iotdk_10/gnu_arcem9d/arc/arc_exception.o
 .rodata.dump_protv_access_err.str1.4
                0x20004078       0x7a obj_iotdk_10/gnu_arcem9d/arc/arc_exception.o
                                 0x7c (size before relaxing)
 *fill*         0x200040f2        0x2 
 .rodata.dump_protv_access_err
                0x200040f4       0x90 obj_iotdk_10/gnu_arcem9d/arc/arc_exception.o
 .rodata.exc_handler_default.str1.4
                0x20004184      0x5dc obj_iotdk_10/gnu_arcem9d/arc/arc_exception.o
                                0x5e0 (size before relaxing)
 .rodata.exc_handler_default
                0x20004760      0x1a8 obj_iotdk_10/gnu_arcem9d/arc/arc_exception.o
 .rodata.CSWTCH.39
                0x20004908       0x10 obj_iotdk_10/gnu_arcem9d/board/iotdk/drivers/ip/subsystem/uart/dfss_uart_obj.o
 .rodata.ss_uart_control
                0x20004918       0x48 obj_iotdk_10/gnu_arcem9d/device/ip/subsystem/uart/ss_uart.o
 .rodata.uart_isr_proc
                0x20004960       0x20 obj_iotdk_10/gnu_arcem9d/device/ip/subsystem/uart/uart.o
 .rodata.io_uart_ioctl
                0x20004980       0x98 obj_iotdk_10/gnu_arcem9d/device/ip/subsystem/uart/uart.o
                0x20004a18                _e_rodata = .

.data           0x80000000      0x3f0 load address 0x20004a18
                0x80000000                _f_data = .
 *(.data .data.* .gnu.linkonce.d.*)
 .data.s_main_args
                0x80000000        0x8 obj_iotdk_10/gnu_arcem9d/board/board.o
                0x80000000                s_main_args
 .data.dw_pwm_timer_0_ch_isr
                0x80000008        0x8 obj_iotdk_10/gnu_arcem9d/board/iotdk/drivers/ip/designware/pwm_timer/dw_pwm_timer_obj.o
 .data.sysconf_reg_ptr
                0x80000010        0x4 obj_iotdk_10/gnu_arcem9d/board/iotdk/drivers/sysconf/sysconf.o
                0x80000010                sysconf_reg_ptr
 .data.exc_int_handler_table
                0x80000014      0x1bc obj_iotdk_10/gnu_arcem9d/arc/arc_exception.o
                0x80000014                exc_int_handler_table
 .data.gl_count
                0x800001d0        0x4 obj_iotdk_10/gnu_arcem9d/arc/arc_timer.o
                0x800001d0                gl_count
 .data.gl_loops_per_jiffy
                0x800001d4        0x8 obj_iotdk_10/gnu_arcem9d/arc/arc_timer.o
                0x800001d4                gl_loops_per_jiffy
 .data.uart_context3
                0x800001dc       0x1c obj_iotdk_10/gnu_arcem9d/board/iotdk/drivers/ip/subsystem/uart/dfss_uart_obj.o
 .data.uart_context2
                0x800001f8       0x1c obj_iotdk_10/gnu_arcem9d/board/iotdk/drivers/ip/subsystem/uart/dfss_uart_obj.o
 .data.uart_context1
                0x80000214       0x1c obj_iotdk_10/gnu_arcem9d/board/iotdk/drivers/ip/subsystem/uart/dfss_uart_obj.o
 .data.uart_context0
                0x80000230       0x1c obj_iotdk_10/gnu_arcem9d/board/iotdk/drivers/ip/subsystem/uart/dfss_uart_obj.o
 .data.uart_devs
                0x8000024c      0x1a4 obj_iotdk_10/gnu_arcem9d/device/ip/subsystem/uart/uart.o
                0x800003f0                _f_sdata = .
                0x800003f0                __SDATA_BEGIN__ = .
 *(.sdata .sdata.* .gnu.linkonce.s.*)
                [!provide]                PROVIDE (__sbss_start = .)
                [!provide]                PROVIDE (___sbss_start = .)
                0x800003f0                _f_sbss = .
 *(.dynsbss)
 *(.sbss .sbss.* .gnu.linkonce.sb.*)
 *(.scommon)
                0x800003f0                _e_sbss = .
                [!provide]                PROVIDE (__sbss_end = .)
                [!provide]                PROVIDE (___sbss_end = .)
                0x800003f0                _e_sdata = .
                0x800003f0                _e_data = .

.bss            0x800003f0      0x230 load address 0x20004e08
                0x800003f0                _f_bss = .
 *(.dynbss)
 *(.bss .bss.* .gnu.linkonce.b.*)
 .bss.install_flag.2024
                0x800003f0        0x4 obj_iotdk_10/gnu_arcem9d/board/iotdk/drivers/ip/designware/pwm_timer/dw_pwm_timer_obj.o
 .bss.dw_pwm_timer_0_mode
                0x800003f4       0x18 obj_iotdk_10/gnu_arcem9d/board/iotdk/drivers/ip/designware/pwm_timer/dw_pwm_timer_obj.o
 .bss.dw_pwm_timer_0_handler
                0x8000040c       0x18 obj_iotdk_10/gnu_arcem9d/board/iotdk/drivers/ip/designware/pwm_timer/dw_pwm_timer_obj.o
 .bss.dw_pwm_timer_0_ctrl
                0x80000424       0x20 obj_iotdk_10/gnu_arcem9d/board/iotdk/drivers/ip/designware/pwm_timer/dw_pwm_timer_obj.o
 .bss.dw_pwm_timer_0
                0x80000444       0x1c obj_iotdk_10/gnu_arcem9d/board/iotdk/drivers/ip/designware/pwm_timer/dw_pwm_timer_obj.o
 .bss.sys_ms_update.2897
                0x80000460        0x4 obj_iotdk_10/gnu_arcem9d/board/iotdk/common/iotdk_timer.o
 .bss.sys_hz_update.2896
                0x80000464        0x4 obj_iotdk_10/gnu_arcem9d/board/iotdk/common/iotdk_timer.o
 .bss.gl_iotdk_ms_cnt
                0x80000468        0x4 obj_iotdk_10/gnu_arcem9d/board/iotdk/common/iotdk_timer.o
                0x80000468                gl_iotdk_ms_cnt
 .bss.gl_iotdk_sys_hz_cnt
                0x8000046c        0x8 obj_iotdk_10/gnu_arcem9d/board/iotdk/common/iotdk_timer.o
                0x8000046c                gl_iotdk_sys_hz_cnt
 .bss.console_uart
                0x80000474        0x4 obj_iotdk_10/gnu_arcem9d/middleware/common/console_io.o
 .bss.xprintf_setup_flag
                0x80000478        0x4 obj_iotdk_10/gnu_arcem9d/middleware/common/console_io.o
 .bss.outptr    0x8000047c        0x4 obj_iotdk_10/gnu_arcem9d/middleware/common/xprintf/xprintf.o
 .bss.dcache_config
                0x80000480        0x8 obj_iotdk_10/gnu_arcem9d/arc/arc_cache.o
 .bss.icache_config
                0x80000488        0x8 obj_iotdk_10/gnu_arcem9d/arc/arc_cache.o
 .bss.install_flag.1932
                0x80000490        0x4 obj_iotdk_10/gnu_arcem9d/board/iotdk/drivers/ip/subsystem/uart/dfss_uart_obj.o
 .bss.dfss_uart_3
                0x80000494       0x5c obj_iotdk_10/gnu_arcem9d/board/iotdk/drivers/ip/subsystem/uart/dfss_uart_obj.o
 .bss.dfss_uart_2
                0x800004f0       0x5c obj_iotdk_10/gnu_arcem9d/board/iotdk/drivers/ip/subsystem/uart/dfss_uart_obj.o
 .bss.dfss_uart_1
                0x8000054c       0x5c obj_iotdk_10/gnu_arcem9d/board/iotdk/drivers/ip/subsystem/uart/dfss_uart_obj.o
 .bss.dfss_uart_0
                0x800005a8       0x5c obj_iotdk_10/gnu_arcem9d/board/iotdk/drivers/ip/subsystem/uart/dfss_uart_obj.o
 .bss.uart_handles
                0x80000604       0x10 obj_iotdk_10/gnu_arcem9d/device/ip/subsystem/uart/uart.o
 *(COMMON)
 COMMON         0x80000614        0x8 obj_iotdk_10/gnu_arcem9d/middleware/common/xprintf/xprintf.o
                0x80000614                xfunc_in
                0x80000618                xfunc_out
 COMMON         0x8000061c        0x4 obj_iotdk_10/gnu_arcem9d/arc/arc_exception.o
                0x8000061c                exc_nest_count
                0x80000620                _e_bss = .

.stack          0x80000620      0x800 load address 0x20004e08
                0x80000620                . = ALIGN (0x4)
                0x80000620                _f_stack = .
                0x80000e20                . = (. + 0x800)
 *fill*         0x80000620      0x800 
                0x80000e20                _e_stack = .

.heap           0x80000e20     0x2000 load address 0x20004e08
                0x80000e20                . = ALIGN (0x4)
                0x80000e20                __start_heap = .
                0x80000e20                _f_heap = .
                0x80002e20                . = (. + 0x2000)
 *fill*         0x80000e20     0x2000 
                0x80002e20                _e_heap = .
                0x80002e20                __end_heap = .
                0x20000800                _load_addr_text = LOADADDR (.text)
                0x20003b90                _load_addr_rodata = LOADADDR (.rodata)
                0x20004a18                _load_addr_data = LOADADDR (.data)
LOAD obj_iotdk_10/gnu_arcem9d/application/./main.o
LOAD obj_iotdk_10/gnu_arcem9d/board/board.o
LOAD obj_iotdk_10/gnu_arcem9d/arc/startup/arc_cxx_support.o
LOAD obj_iotdk_10/gnu_arcem9d/arc/startup/arc_startup.o
START GROUP
LOAD obj_iotdk_10/gnu_arcem9d/libembarc.a
LOAD c:/arc_gnu/bin/../lib/gcc/arc-elf32/9.3.1/../../../../arc-elf32/lib/em4_fpuda\libm.a
LOAD c:/arc_gnu/bin/../lib/gcc/arc-elf32/9.3.1/../../../../arc-elf32/lib/em4_fpuda\libc.a
LOAD c:/arc_gnu/bin/../lib/gcc/arc-elf32/9.3.1/em4_fpuda\libgcc.a
END GROUP
START GROUP
LOAD c:/arc_gnu/bin/../lib/gcc/arc-elf32/9.3.1/em4_fpuda\libgcc.a
LOAD c:/arc_gnu/bin/../lib/gcc/arc-elf32/9.3.1/../../../../arc-elf32/lib/em4_fpuda\libc.a
LOAD c:/arc_gnu/bin/../lib/gcc/arc-elf32/9.3.1/../../../../arc-elf32/lib/em4_fpuda\libnosys.a
END GROUP
OUTPUT(obj_iotdk_10/gnu_arcem9d/blinky_gnu_arcem9d.elf elf32-littlearc)

.debug_info     0x00000000     0xd9b2
 .debug_info    0x00000000     0x1193 obj_iotdk_10/gnu_arcem9d/application/./main.o
 .debug_info    0x00001193      0xf92 obj_iotdk_10/gnu_arcem9d/board/board.o
 .debug_info    0x00002125      0x1fe obj_iotdk_10/gnu_arcem9d/arc/startup/arc_cxx_support.o
 .debug_info    0x00002323       0x26 obj_iotdk_10/gnu_arcem9d/arc/startup/arc_startup.o
 .debug_info    0x00002349      0x7d0 obj_iotdk_10/gnu_arcem9d/board/iotdk/drivers/ip/designware/pwm_timer/dw_pwm_timer_obj.o
 .debug_info    0x00002b19     0x11f8 obj_iotdk_10/gnu_arcem9d/device/ip/designware/pwm_timer/dw_pwm_timer.o
 .debug_info    0x00003d11      0x674 obj_iotdk_10/gnu_arcem9d/board/iotdk/common/iotdk_init.o
 .debug_info    0x00004385      0x86b obj_iotdk_10/gnu_arcem9d/board/iotdk/common/iotdk_timer.o
 .debug_info    0x00004bf0      0xaaa obj_iotdk_10/gnu_arcem9d/board/iotdk/drivers/mux/mux.o
 .debug_info    0x0000569a      0x851 obj_iotdk_10/gnu_arcem9d/board/iotdk/drivers/sysconf/sysconf.o
 .debug_info    0x00005eeb     0x1259 obj_iotdk_10/gnu_arcem9d/middleware/common/console_io.o
 .debug_info    0x00007144      0x8bc obj_iotdk_10/gnu_arcem9d/middleware/common/xprintf/xprintf.o
 .debug_info    0x00007a00      0x91e obj_iotdk_10/gnu_arcem9d/arc/arc_cache.o
 .debug_info    0x0000831e     0x1703 obj_iotdk_10/gnu_arcem9d/arc/arc_exception.o
 .debug_info    0x00009a21      0x5a3 obj_iotdk_10/gnu_arcem9d/arc/arc_timer.o
 .debug_info    0x00009fc4       0x26 obj_iotdk_10/gnu_arcem9d/arc/arc_exc_asm.o
 .debug_info    0x00009fea      0x9d2 obj_iotdk_10/gnu_arcem9d/library/clib/embarc_misc.o
 .debug_info    0x0000a9bc     0x1161 obj_iotdk_10/gnu_arcem9d/board/iotdk/drivers/ip/subsystem/uart/dfss_uart_obj.o
 .debug_info    0x0000bb1d      0xe66 obj_iotdk_10/gnu_arcem9d/device/ip/subsystem/uart/ss_uart.o
 .debug_info    0x0000c983     0x102f obj_iotdk_10/gnu_arcem9d/device/ip/subsystem/uart/uart.o

.debug_abbrev   0x00000000     0x3521
 .debug_abbrev  0x00000000      0x2e6 obj_iotdk_10/gnu_arcem9d/application/./main.o
 .debug_abbrev  0x000002e6      0x35b obj_iotdk_10/gnu_arcem9d/board/board.o
 .debug_abbrev  0x00000641      0x172 obj_iotdk_10/gnu_arcem9d/arc/startup/arc_cxx_support.o
 .debug_abbrev  0x000007b3       0x14 obj_iotdk_10/gnu_arcem9d/arc/startup/arc_startup.o
 .debug_abbrev  0x000007c7      0x235 obj_iotdk_10/gnu_arcem9d/board/iotdk/drivers/ip/designware/pwm_timer/dw_pwm_timer_obj.o
 .debug_abbrev  0x000009fc      0x366 obj_iotdk_10/gnu_arcem9d/device/ip/designware/pwm_timer/dw_pwm_timer.o
 .debug_abbrev  0x00000d62      0x1fb obj_iotdk_10/gnu_arcem9d/board/iotdk/common/iotdk_init.o
 .debug_abbrev  0x00000f5d      0x349 obj_iotdk_10/gnu_arcem9d/board/iotdk/common/iotdk_timer.o
 .debug_abbrev  0x000012a6      0x32e obj_iotdk_10/gnu_arcem9d/board/iotdk/drivers/mux/mux.o
 .debug_abbrev  0x000015d4      0x2d8 obj_iotdk_10/gnu_arcem9d/board/iotdk/drivers/sysconf/sysconf.o
 .debug_abbrev  0x000018ac      0x37b obj_iotdk_10/gnu_arcem9d/middleware/common/console_io.o
 .debug_abbrev  0x00001c27      0x2f9 obj_iotdk_10/gnu_arcem9d/middleware/common/xprintf/xprintf.o
 .debug_abbrev  0x00001f20      0x2d9 obj_iotdk_10/gnu_arcem9d/arc/arc_cache.o
 .debug_abbrev  0x000021f9      0x43e obj_iotdk_10/gnu_arcem9d/arc/arc_exception.o
 .debug_abbrev  0x00002637      0x2de obj_iotdk_10/gnu_arcem9d/arc/arc_timer.o
 .debug_abbrev  0x00002915       0x14 obj_iotdk_10/gnu_arcem9d/arc/arc_exc_asm.o
 .debug_abbrev  0x00002929      0x1cf obj_iotdk_10/gnu_arcem9d/library/clib/embarc_misc.o
 .debug_abbrev  0x00002af8      0x2f0 obj_iotdk_10/gnu_arcem9d/board/iotdk/drivers/ip/subsystem/uart/dfss_uart_obj.o
 .debug_abbrev  0x00002de8      0x3cb obj_iotdk_10/gnu_arcem9d/device/ip/subsystem/uart/ss_uart.o
 .debug_abbrev  0x000031b3      0x36e obj_iotdk_10/gnu_arcem9d/device/ip/subsystem/uart/uart.o

.debug_loc      0x00000000     0x71f3
 .debug_loc     0x00000000       0x61 obj_iotdk_10/gnu_arcem9d/application/./main.o
 .debug_loc     0x00000061       0x40 obj_iotdk_10/gnu_arcem9d/board/board.o
 .debug_loc     0x000000a1       0xa3 obj_iotdk_10/gnu_arcem9d/arc/startup/arc_cxx_support.o
 .debug_loc     0x00000144      0x1f2 obj_iotdk_10/gnu_arcem9d/board/iotdk/drivers/ip/designware/pwm_timer/dw_pwm_timer_obj.o
 .debug_loc     0x00000336     0x1517 obj_iotdk_10/gnu_arcem9d/device/ip/designware/pwm_timer/dw_pwm_timer.o
 .debug_loc     0x0000184d      0x14d obj_iotdk_10/gnu_arcem9d/board/iotdk/common/iotdk_timer.o
 .debug_loc     0x0000199a      0xa31 obj_iotdk_10/gnu_arcem9d/board/iotdk/drivers/mux/mux.o
 .debug_loc     0x000023cb      0x306 obj_iotdk_10/gnu_arcem9d/board/iotdk/drivers/sysconf/sysconf.o
 .debug_loc     0x000026d1       0xdf obj_iotdk_10/gnu_arcem9d/middleware/common/console_io.o
 .debug_loc     0x000027b0     0x1198 obj_iotdk_10/gnu_arcem9d/middleware/common/xprintf/xprintf.o
 .debug_loc     0x00003948      0x56a obj_iotdk_10/gnu_arcem9d/arc/arc_cache.o
 .debug_loc     0x00003eb2      0xd7e obj_iotdk_10/gnu_arcem9d/arc/arc_exception.o
 .debug_loc     0x00004c30      0x5b6 obj_iotdk_10/gnu_arcem9d/arc/arc_timer.o
 .debug_loc     0x000051e6      0x81c obj_iotdk_10/gnu_arcem9d/board/iotdk/drivers/ip/subsystem/uart/dfss_uart_obj.o
 .debug_loc     0x00005a02      0xfa7 obj_iotdk_10/gnu_arcem9d/device/ip/subsystem/uart/ss_uart.o
 .debug_loc     0x000069a9      0x84a obj_iotdk_10/gnu_arcem9d/device/ip/subsystem/uart/uart.o

.debug_aranges  0x00000000      0x788
 .debug_aranges
                0x00000000       0x28 obj_iotdk_10/gnu_arcem9d/application/./main.o
 .debug_aranges
                0x00000028       0x20 obj_iotdk_10/gnu_arcem9d/board/board.o
 .debug_aranges
                0x00000048       0x40 obj_iotdk_10/gnu_arcem9d/arc/startup/arc_cxx_support.o
 .debug_aranges
                0x00000088       0x20 obj_iotdk_10/gnu_arcem9d/arc/startup/arc_startup.o
 .debug_aranges
                0x000000a8       0x58 obj_iotdk_10/gnu_arcem9d/board/iotdk/drivers/ip/designware/pwm_timer/dw_pwm_timer_obj.o
 .debug_aranges
                0x00000100       0x48 obj_iotdk_10/gnu_arcem9d/device/ip/designware/pwm_timer/dw_pwm_timer.o
 .debug_aranges
                0x00000148       0x20 obj_iotdk_10/gnu_arcem9d/board/iotdk/common/iotdk_init.o
 .debug_aranges
                0x00000168       0x48 obj_iotdk_10/gnu_arcem9d/board/iotdk/common/iotdk_timer.o
 .debug_aranges
                0x000001b0       0x50 obj_iotdk_10/gnu_arcem9d/board/iotdk/drivers/mux/mux.o
 .debug_aranges
                0x00000200       0xe0 obj_iotdk_10/gnu_arcem9d/board/iotdk/drivers/sysconf/sysconf.o
 .debug_aranges
                0x000002e0       0x40 obj_iotdk_10/gnu_arcem9d/middleware/common/console_io.o
 .debug_aranges
                0x00000320       0x78 obj_iotdk_10/gnu_arcem9d/middleware/common/xprintf/xprintf.o
 .debug_aranges
                0x00000398       0x78 obj_iotdk_10/gnu_arcem9d/arc/arc_cache.o
 .debug_aranges
                0x00000410       0xe0 obj_iotdk_10/gnu_arcem9d/arc/arc_exception.o
 .debug_aranges
                0x000004f0       0x60 obj_iotdk_10/gnu_arcem9d/arc/arc_timer.o
 .debug_aranges
                0x00000550       0x20 obj_iotdk_10/gnu_arcem9d/arc/arc_exc_asm.o
 .debug_aranges
                0x00000570       0x20 obj_iotdk_10/gnu_arcem9d/library/clib/embarc_misc.o
 .debug_aranges
                0x00000590      0x128 obj_iotdk_10/gnu_arcem9d/board/iotdk/drivers/ip/subsystem/uart/dfss_uart_obj.o
 .debug_aranges
                0x000006b8       0x60 obj_iotdk_10/gnu_arcem9d/device/ip/subsystem/uart/ss_uart.o
 .debug_aranges
                0x00000718       0x70 obj_iotdk_10/gnu_arcem9d/device/ip/subsystem/uart/uart.o

.debug_ranges   0x00000000      0xcc8
 .debug_ranges  0x00000000       0x18 obj_iotdk_10/gnu_arcem9d/application/./main.o
 .debug_ranges  0x00000018       0x10 obj_iotdk_10/gnu_arcem9d/board/board.o
 .debug_ranges  0x00000028       0x30 obj_iotdk_10/gnu_arcem9d/arc/startup/arc_cxx_support.o
 .debug_ranges  0x00000058       0x48 obj_iotdk_10/gnu_arcem9d/board/iotdk/drivers/ip/designware/pwm_timer/dw_pwm_timer_obj.o
 .debug_ranges  0x000000a0      0x328 obj_iotdk_10/gnu_arcem9d/device/ip/designware/pwm_timer/dw_pwm_timer.o
 .debug_ranges  0x000003c8       0x10 obj_iotdk_10/gnu_arcem9d/board/iotdk/common/iotdk_init.o
 .debug_ranges  0x000003d8       0x80 obj_iotdk_10/gnu_arcem9d/board/iotdk/common/iotdk_timer.o
 .debug_ranges  0x00000458       0xd0 obj_iotdk_10/gnu_arcem9d/board/iotdk/drivers/mux/mux.o
 .debug_ranges  0x00000528       0xe8 obj_iotdk_10/gnu_arcem9d/board/iotdk/drivers/sysconf/sysconf.o
 .debug_ranges  0x00000610       0x48 obj_iotdk_10/gnu_arcem9d/middleware/common/console_io.o
 .debug_ranges  0x00000658       0x98 obj_iotdk_10/gnu_arcem9d/middleware/common/xprintf/xprintf.o
 .debug_ranges  0x000006f0       0x80 obj_iotdk_10/gnu_arcem9d/arc/arc_cache.o
 .debug_ranges  0x00000770      0x238 obj_iotdk_10/gnu_arcem9d/arc/arc_exception.o
 .debug_ranges  0x000009a8       0x68 obj_iotdk_10/gnu_arcem9d/arc/arc_timer.o
 .debug_ranges  0x00000a10       0x10 obj_iotdk_10/gnu_arcem9d/library/clib/embarc_misc.o
 .debug_ranges  0x00000a20      0x198 obj_iotdk_10/gnu_arcem9d/board/iotdk/drivers/ip/subsystem/uart/dfss_uart_obj.o
 .debug_ranges  0x00000bb8       0xb0 obj_iotdk_10/gnu_arcem9d/device/ip/subsystem/uart/ss_uart.o
 .debug_ranges  0x00000c68       0x60 obj_iotdk_10/gnu_arcem9d/device/ip/subsystem/uart/uart.o

.debug_line     0x00000000     0x681a
 .debug_line    0x00000000      0x334 obj_iotdk_10/gnu_arcem9d/application/./main.o
 .debug_line    0x00000334      0x2ad obj_iotdk_10/gnu_arcem9d/board/board.o
 .debug_line    0x000005e1      0x13f obj_iotdk_10/gnu_arcem9d/arc/startup/arc_cxx_support.o
 .debug_line    0x00000720       0xc3 obj_iotdk_10/gnu_arcem9d/arc/startup/arc_startup.o
 .debug_line    0x000007e3      0x2f4 obj_iotdk_10/gnu_arcem9d/board/iotdk/drivers/ip/designware/pwm_timer/dw_pwm_timer_obj.o
 .debug_line    0x00000ad7      0xd8b obj_iotdk_10/gnu_arcem9d/device/ip/designware/pwm_timer/dw_pwm_timer.o
 .debug_line    0x00001862      0x1c8 obj_iotdk_10/gnu_arcem9d/board/iotdk/common/iotdk_init.o
 .debug_line    0x00001a2a      0x374 obj_iotdk_10/gnu_arcem9d/board/iotdk/common/iotdk_timer.o
 .debug_line    0x00001d9e      0x5a8 obj_iotdk_10/gnu_arcem9d/board/iotdk/drivers/mux/mux.o
 .debug_line    0x00002346      0x7c1 obj_iotdk_10/gnu_arcem9d/board/iotdk/drivers/sysconf/sysconf.o
 .debug_line    0x00002b07      0x33d obj_iotdk_10/gnu_arcem9d/middleware/common/console_io.o
 .debug_line    0x00002e44      0x9e2 obj_iotdk_10/gnu_arcem9d/middleware/common/xprintf/xprintf.o
 .debug_line    0x00003826      0x7ab obj_iotdk_10/gnu_arcem9d/arc/arc_cache.o
 .debug_line    0x00003fd1      0x9fb obj_iotdk_10/gnu_arcem9d/arc/arc_exception.o
 .debug_line    0x000049cc      0x44c obj_iotdk_10/gnu_arcem9d/arc/arc_timer.o
 .debug_line    0x00004e18       0xa5 obj_iotdk_10/gnu_arcem9d/arc/arc_exc_asm.o
 .debug_line    0x00004ebd      0x162 obj_iotdk_10/gnu_arcem9d/library/clib/embarc_misc.o
 .debug_line    0x0000501f      0x6a7 obj_iotdk_10/gnu_arcem9d/board/iotdk/drivers/ip/subsystem/uart/dfss_uart_obj.o
 .debug_line    0x000056c6      0x836 obj_iotdk_10/gnu_arcem9d/device/ip/subsystem/uart/ss_uart.o
 .debug_line    0x00005efc      0x91e obj_iotdk_10/gnu_arcem9d/device/ip/subsystem/uart/uart.o

.debug_str      0x00000000     0x27f5
 .debug_str     0x00000000      0xba2 obj_iotdk_10/gnu_arcem9d/application/./main.o
                                0xcd4 (size before relaxing)
 .debug_str     0x00000ba2       0xd7 obj_iotdk_10/gnu_arcem9d/board/board.o
                                0xa65 (size before relaxing)
 .debug_str     0x00000c79      0x12a obj_iotdk_10/gnu_arcem9d/arc/startup/arc_cxx_support.o
                                0x241 (size before relaxing)
 .debug_str     0x00000da3       0x1d obj_iotdk_10/gnu_arcem9d/arc/startup/arc_startup.o
                                 0x50 (size before relaxing)
 .debug_str     0x00000dc0      0x3d0 obj_iotdk_10/gnu_arcem9d/board/iotdk/drivers/ip/designware/pwm_timer/dw_pwm_timer_obj.o
                                0x726 (size before relaxing)
 .debug_str     0x00001190      0x245 obj_iotdk_10/gnu_arcem9d/device/ip/designware/pwm_timer/dw_pwm_timer.o
                                0x7bd (size before relaxing)
 .debug_str     0x000013d5      0x142 obj_iotdk_10/gnu_arcem9d/board/iotdk/common/iotdk_init.o
                                0x6fd (size before relaxing)
 .debug_str     0x00001517      0x108 obj_iotdk_10/gnu_arcem9d/board/iotdk/common/iotdk_timer.o
                                0x711 (size before relaxing)
 .debug_str     0x0000161f       0xc5 obj_iotdk_10/gnu_arcem9d/board/iotdk/drivers/mux/mux.o
                                0x91e (size before relaxing)
 .debug_str     0x000016e4      0x1f0 obj_iotdk_10/gnu_arcem9d/board/iotdk/drivers/sysconf/sysconf.o
                                0x58a (size before relaxing)
 .debug_str     0x000018d4      0x15b obj_iotdk_10/gnu_arcem9d/middleware/common/console_io.o
                                0xba1 (size before relaxing)
 .debug_str     0x00001a2f       0xa5 obj_iotdk_10/gnu_arcem9d/middleware/common/xprintf/xprintf.o
                                0x225 (size before relaxing)
 .debug_str     0x00001ad4      0x20f obj_iotdk_10/gnu_arcem9d/arc/arc_cache.o
                                0x457 (size before relaxing)
 .debug_str     0x00001ce3      0x342 obj_iotdk_10/gnu_arcem9d/arc/arc_exception.o
                                0x696 (size before relaxing)
 .debug_str     0x00002025       0x7b obj_iotdk_10/gnu_arcem9d/arc/arc_timer.o
                                0x31f (size before relaxing)
 .debug_str     0x000020a0        0xe obj_iotdk_10/gnu_arcem9d/arc/arc_exc_asm.o
                                 0x50 (size before relaxing)
 .debug_str     0x000020ae       0x1f obj_iotdk_10/gnu_arcem9d/library/clib/embarc_misc.o
                                0x618 (size before relaxing)
 .debug_str     0x000020cd      0x3ec obj_iotdk_10/gnu_arcem9d/board/iotdk/drivers/ip/subsystem/uart/dfss_uart_obj.o
                                0x859 (size before relaxing)
 .debug_str     0x000024b9      0x115 obj_iotdk_10/gnu_arcem9d/device/ip/subsystem/uart/ss_uart.o
                                0x644 (size before relaxing)
 .debug_str     0x000025ce      0x227 obj_iotdk_10/gnu_arcem9d/device/ip/subsystem/uart/uart.o
                                0x8b1 (size before relaxing)

.comment        0x00000000       0x42
 .comment       0x00000000       0x42 obj_iotdk_10/gnu_arcem9d/application/./main.o
                                 0x43 (size before relaxing)
 .comment       0x00000042       0x43 obj_iotdk_10/gnu_arcem9d/board/board.o
 .comment       0x00000042       0x43 obj_iotdk_10/gnu_arcem9d/arc/startup/arc_cxx_support.o
 .comment       0x00000042       0x43 obj_iotdk_10/gnu_arcem9d/board/iotdk/drivers/ip/designware/pwm_timer/dw_pwm_timer_obj.o
 .comment       0x00000042       0x43 obj_iotdk_10/gnu_arcem9d/device/ip/designware/pwm_timer/dw_pwm_timer.o
 .comment       0x00000042       0x43 obj_iotdk_10/gnu_arcem9d/board/iotdk/common/iotdk_init.o
 .comment       0x00000042       0x43 obj_iotdk_10/gnu_arcem9d/board/iotdk/common/iotdk_timer.o
 .comment       0x00000042       0x43 obj_iotdk_10/gnu_arcem9d/board/iotdk/drivers/mux/mux.o
 .comment       0x00000042       0x43 obj_iotdk_10/gnu_arcem9d/board/iotdk/drivers/sysconf/sysconf.o
 .comment       0x00000042       0x43 obj_iotdk_10/gnu_arcem9d/middleware/common/console_io.o
 .comment       0x00000042       0x43 obj_iotdk_10/gnu_arcem9d/middleware/common/xprintf/xprintf.o
 .comment       0x00000042       0x43 obj_iotdk_10/gnu_arcem9d/arc/arc_cache.o
 .comment       0x00000042       0x43 obj_iotdk_10/gnu_arcem9d/arc/arc_exception.o
 .comment       0x00000042       0x43 obj_iotdk_10/gnu_arcem9d/arc/arc_timer.o
 .comment       0x00000042       0x43 obj_iotdk_10/gnu_arcem9d/library/clib/embarc_misc.o
 .comment       0x00000042       0x43 obj_iotdk_10/gnu_arcem9d/board/iotdk/drivers/ip/subsystem/uart/dfss_uart_obj.o
 .comment       0x00000042       0x43 obj_iotdk_10/gnu_arcem9d/device/ip/subsystem/uart/ss_uart.o
 .comment       0x00000042       0x43 obj_iotdk_10/gnu_arcem9d/device/ip/subsystem/uart/uart.o

.note.GNU-stack
                0x00000000        0x0
 .note.GNU-stack
                0x00000000        0x0 obj_iotdk_10/gnu_arcem9d/application/./main.o
 .note.GNU-stack
                0x00000000        0x0 obj_iotdk_10/gnu_arcem9d/board/board.o
 .note.GNU-stack
                0x00000000        0x0 obj_iotdk_10/gnu_arcem9d/arc/startup/arc_cxx_support.o
 .note.GNU-stack
                0x00000000        0x0 obj_iotdk_10/gnu_arcem9d/board/iotdk/drivers/ip/designware/pwm_timer/dw_pwm_timer_obj.o
 .note.GNU-stack
                0x00000000        0x0 obj_iotdk_10/gnu_arcem9d/device/ip/designware/pwm_timer/dw_pwm_timer.o
 .note.GNU-stack
                0x00000000        0x0 obj_iotdk_10/gnu_arcem9d/board/iotdk/common/iotdk_init.o
 .note.GNU-stack
                0x00000000        0x0 obj_iotdk_10/gnu_arcem9d/board/iotdk/common/iotdk_timer.o
 .note.GNU-stack
                0x00000000        0x0 obj_iotdk_10/gnu_arcem9d/board/iotdk/drivers/mux/mux.o
 .note.GNU-stack
                0x00000000        0x0 obj_iotdk_10/gnu_arcem9d/board/iotdk/drivers/sysconf/sysconf.o
 .note.GNU-stack
                0x00000000        0x0 obj_iotdk_10/gnu_arcem9d/middleware/common/console_io.o
 .note.GNU-stack
                0x00000000        0x0 obj_iotdk_10/gnu_arcem9d/middleware/common/xprintf/xprintf.o
 .note.GNU-stack
                0x00000000        0x0 obj_iotdk_10/gnu_arcem9d/arc/arc_cache.o
 .note.GNU-stack
                0x00000000        0x0 obj_iotdk_10/gnu_arcem9d/arc/arc_exception.o
 .note.GNU-stack
                0x00000000        0x0 obj_iotdk_10/gnu_arcem9d/arc/arc_timer.o
 .note.GNU-stack
                0x00000000        0x0 obj_iotdk_10/gnu_arcem9d/library/clib/embarc_misc.o
 .note.GNU-stack
                0x00000000        0x0 obj_iotdk_10/gnu_arcem9d/board/iotdk/drivers/ip/subsystem/uart/dfss_uart_obj.o
 .note.GNU-stack
                0x00000000        0x0 obj_iotdk_10/gnu_arcem9d/device/ip/subsystem/uart/ss_uart.o
 .note.GNU-stack
                0x00000000        0x0 obj_iotdk_10/gnu_arcem9d/device/ip/subsystem/uart/uart.o
 .note.GNU-stack
                0x00000000        0x0 c:/arc_gnu/bin/../lib/gcc/arc-elf32/9.3.1/em4_fpuda\libgcc.a(_udivdi3.o)

.ARC.attributes
                0x00000000       0x40
 .ARC.attributes
                0x00000000       0x29 obj_iotdk_10/gnu_arcem9d/application/./main.o
 .ARC.attributes
                0x00000029       0x29 obj_iotdk_10/gnu_arcem9d/board/board.o
 .ARC.attributes
                0x00000052       0x2c obj_iotdk_10/gnu_arcem9d/arc/startup/arc_cxx_support.o
 .ARC.attributes
                0x0000007e       0x25 obj_iotdk_10/gnu_arcem9d/arc/startup/arc_startup.o
 .ARC.attributes
                0x000000a3       0x2c obj_iotdk_10/gnu_arcem9d/board/iotdk/drivers/ip/designware/pwm_timer/dw_pwm_timer_obj.o
 .ARC.attributes
                0x000000cf       0x36 obj_iotdk_10/gnu_arcem9d/device/ip/designware/pwm_timer/dw_pwm_timer.o
 .ARC.attributes
                0x00000105       0x29 obj_iotdk_10/gnu_arcem9d/board/iotdk/common/iotdk_init.o
 .ARC.attributes
                0x0000012e       0x33 obj_iotdk_10/gnu_arcem9d/board/iotdk/common/iotdk_timer.o
 .ARC.attributes
                0x00000161       0x29 obj_iotdk_10/gnu_arcem9d/board/iotdk/drivers/mux/mux.o
 .ARC.attributes
                0x0000018a       0x2c obj_iotdk_10/gnu_arcem9d/board/iotdk/drivers/sysconf/sysconf.o
 .ARC.attributes
                0x000001b6       0x29 obj_iotdk_10/gnu_arcem9d/middleware/common/console_io.o
 .ARC.attributes
                0x000001df       0x33 obj_iotdk_10/gnu_arcem9d/middleware/common/xprintf/xprintf.o
 .ARC.attributes
                0x00000212       0x2c obj_iotdk_10/gnu_arcem9d/arc/arc_cache.o
 .ARC.attributes
                0x0000023e       0x2c obj_iotdk_10/gnu_arcem9d/arc/arc_exception.o
 .ARC.attributes
                0x0000026a       0x36 obj_iotdk_10/gnu_arcem9d/arc/arc_timer.o
 .ARC.attributes
                0x000002a0       0x28 obj_iotdk_10/gnu_arcem9d/arc/arc_exc_asm.o
 .ARC.attributes
                0x000002c8       0x29 obj_iotdk_10/gnu_arcem9d/library/clib/embarc_misc.o
 .ARC.attributes
                0x000002f1       0x29 obj_iotdk_10/gnu_arcem9d/board/iotdk/drivers/ip/subsystem/uart/dfss_uart_obj.o
 .ARC.attributes
                0x0000031a       0x34 obj_iotdk_10/gnu_arcem9d/device/ip/subsystem/uart/ss_uart.o
 .ARC.attributes
                0x0000034e       0x2e obj_iotdk_10/gnu_arcem9d/device/ip/subsystem/uart/uart.o
 .ARC.attributes
                0x0000037c       0x40 c:/arc_gnu/bin/../lib/gcc/arc-elf32/9.3.1/em4_fpuda\libgcc.a(_udivdi3.o)

.debug_frame    0x00000000     0x1648
 .debug_frame   0x00000000       0x64 obj_iotdk_10/gnu_arcem9d/application/./main.o
 .debug_frame   0x00000064       0x28 obj_iotdk_10/gnu_arcem9d/board/board.o
 .debug_frame   0x0000008c       0xbc obj_iotdk_10/gnu_arcem9d/arc/startup/arc_cxx_support.o
 .debug_frame   0x00000148       0xb8 obj_iotdk_10/gnu_arcem9d/board/iotdk/drivers/ip/designware/pwm_timer/dw_pwm_timer_obj.o
 .debug_frame   0x00000200      0x1e4 obj_iotdk_10/gnu_arcem9d/device/ip/designware/pwm_timer/dw_pwm_timer.o
 .debug_frame   0x000003e4       0x2c obj_iotdk_10/gnu_arcem9d/board/iotdk/common/iotdk_init.o
 .debug_frame   0x00000410      0x11c obj_iotdk_10/gnu_arcem9d/board/iotdk/common/iotdk_timer.o
 .debug_frame   0x0000052c       0x9c obj_iotdk_10/gnu_arcem9d/board/iotdk/drivers/mux/mux.o
 .debug_frame   0x000005c8      0x1bc obj_iotdk_10/gnu_arcem9d/board/iotdk/drivers/sysconf/sysconf.o
 .debug_frame   0x00000784       0x98 obj_iotdk_10/gnu_arcem9d/middleware/common/console_io.o
 .debug_frame   0x0000081c      0x270 obj_iotdk_10/gnu_arcem9d/middleware/common/xprintf/xprintf.o
 .debug_frame   0x00000a8c      0x1bc obj_iotdk_10/gnu_arcem9d/arc/arc_cache.o
 .debug_frame   0x00000c48      0x220 obj_iotdk_10/gnu_arcem9d/arc/arc_exception.o
 .debug_frame   0x00000e68      0x130 obj_iotdk_10/gnu_arcem9d/arc/arc_timer.o
 .debug_frame   0x00000f98       0x20 obj_iotdk_10/gnu_arcem9d/library/clib/embarc_misc.o
 .debug_frame   0x00000fb8      0x264 obj_iotdk_10/gnu_arcem9d/board/iotdk/drivers/ip/subsystem/uart/dfss_uart_obj.o
 .debug_frame   0x0000121c      0x1b4 obj_iotdk_10/gnu_arcem9d/device/ip/subsystem/uart/ss_uart.o
 .debug_frame   0x000013d0      0x21c obj_iotdk_10/gnu_arcem9d/device/ip/subsystem/uart/uart.o
 .debug_frame   0x000015ec       0x5c c:/arc_gnu/bin/../lib/gcc/arc-elf32/9.3.1/em4_fpuda\libgcc.a(_udivdi3.o)
